Archive member included to satisfy reference by file (symbol)

d:/program files (x86)/clion_stm32/gcc-arm-none-eabi-9-2019-q4/bin/../lib/gcc/arm-none-eabi/9.2.1/../../../../arm-none-eabi/lib/thumb/v7e-m/nofp\libstdc++.a(class_type_info.o)
                              CMakeFiles/F405_Demo.elf.dir/Port/button_stm32.cpp.obj (vtable for __cxxabiv1::__class_type_info)
d:/program files (x86)/clion_stm32/gcc-arm-none-eabi-9-2019-q4/bin/../lib/gcc/arm-none-eabi/9.2.1/../../../../arm-none-eabi/lib/thumb/v7e-m/nofp\libstdc++.a(del_ops.o)
                              d:/program files (x86)/clion_stm32/gcc-arm-none-eabi-9-2019-q4/bin/../lib/gcc/arm-none-eabi/9.2.1/../../../../arm-none-eabi/lib/thumb/v7e-m/nofp\libstdc++.a(class_type_info.o) (operator delete(void*, unsigned int))
d:/program files (x86)/clion_stm32/gcc-arm-none-eabi-9-2019-q4/bin/../lib/gcc/arm-none-eabi/9.2.1/../../../../arm-none-eabi/lib/thumb/v7e-m/nofp\libstdc++.a(si_class_type_info.o)
                              CMakeFiles/F405_Demo.elf.dir/Port/button_stm32.cpp.obj (vtable for __cxxabiv1::__si_class_type_info)
d:/program files (x86)/clion_stm32/gcc-arm-none-eabi-9-2019-q4/bin/../lib/gcc/arm-none-eabi/9.2.1/../../../../arm-none-eabi/lib/thumb/v7e-m/nofp\libstdc++.a(tinfo.o)
                              d:/program files (x86)/clion_stm32/gcc-arm-none-eabi-9-2019-q4/bin/../lib/gcc/arm-none-eabi/9.2.1/../../../../arm-none-eabi/lib/thumb/v7e-m/nofp\libstdc++.a(class_type_info.o) (std::type_info::~type_info())
d:/program files (x86)/clion_stm32/gcc-arm-none-eabi-9-2019-q4/bin/../lib/gcc/arm-none-eabi/9.2.1/../../../../arm-none-eabi/lib/thumb/v7e-m/nofp\libstdc++.a(del_op.o)
                              d:/program files (x86)/clion_stm32/gcc-arm-none-eabi-9-2019-q4/bin/../lib/gcc/arm-none-eabi/9.2.1/../../../../arm-none-eabi/lib/thumb/v7e-m/nofp\libstdc++.a(del_ops.o) (operator delete(void*))
d:/program files (x86)/clion_stm32/gcc-arm-none-eabi-9-2019-q4/bin/../lib/gcc/arm-none-eabi/9.2.1/thumb/v7e-m/nofp\libgcc.a(_arm_addsubdf3.o)
                              CMakeFiles/F405_Demo.elf.dir/UserApp/Protocols/interface_uart.cpp.obj (__aeabi_f2d)
d:/program files (x86)/clion_stm32/gcc-arm-none-eabi-9-2019-q4/bin/../lib/gcc/arm-none-eabi/9.2.1/thumb/v7e-m/nofp\libgcc.a(_aeabi_uldivmod.o)
                              CMakeFiles/F405_Demo.elf.dir/Drivers/STM32F4xx_HAL_Driver/Src/stm32f4xx_hal_rcc.c.obj (__aeabi_uldivmod)
d:/program files (x86)/clion_stm32/gcc-arm-none-eabi-9-2019-q4/bin/../lib/gcc/arm-none-eabi/9.2.1/thumb/v7e-m/nofp\libgcc.a(_udivmoddi4.o)
                              d:/program files (x86)/clion_stm32/gcc-arm-none-eabi-9-2019-q4/bin/../lib/gcc/arm-none-eabi/9.2.1/thumb/v7e-m/nofp\libgcc.a(_aeabi_uldivmod.o) (__udivmoddi4)
d:/program files (x86)/clion_stm32/gcc-arm-none-eabi-9-2019-q4/bin/../lib/gcc/arm-none-eabi/9.2.1/thumb/v7e-m/nofp\libgcc.a(unwind-arm.o)
                              CMakeFiles/F405_Demo.elf.dir/Ctrl/Button/button_base.cpp.obj (__aeabi_unwind_cpp_pr0)
d:/program files (x86)/clion_stm32/gcc-arm-none-eabi-9-2019-q4/bin/../lib/gcc/arm-none-eabi/9.2.1/thumb/v7e-m/nofp\libgcc.a(libunwind.o)
                              d:/program files (x86)/clion_stm32/gcc-arm-none-eabi-9-2019-q4/bin/../lib/gcc/arm-none-eabi/9.2.1/thumb/v7e-m/nofp\libgcc.a(unwind-arm.o) (restore_core_regs)
d:/program files (x86)/clion_stm32/gcc-arm-none-eabi-9-2019-q4/bin/../lib/gcc/arm-none-eabi/9.2.1/thumb/v7e-m/nofp\libgcc.a(pr-support.o)
                              d:/program files (x86)/clion_stm32/gcc-arm-none-eabi-9-2019-q4/bin/../lib/gcc/arm-none-eabi/9.2.1/thumb/v7e-m/nofp\libgcc.a(unwind-arm.o) (__gnu_unwind_execute)
d:/program files (x86)/clion_stm32/gcc-arm-none-eabi-9-2019-q4/bin/../lib/gcc/arm-none-eabi/9.2.1/thumb/v7e-m/nofp\libgcc.a(_dvmd_tls.o)
                              d:/program files (x86)/clion_stm32/gcc-arm-none-eabi-9-2019-q4/bin/../lib/gcc/arm-none-eabi/9.2.1/thumb/v7e-m/nofp\libgcc.a(_aeabi_uldivmod.o) (__aeabi_ldiv0)
d:/program files (x86)/clion_stm32/gcc-arm-none-eabi-9-2019-q4/bin/../lib/gcc/arm-none-eabi/9.2.1/../../../../arm-none-eabi/lib/thumb/v7e-m/nofp\libg.a(lib_a-abort.o)
                              d:/program files (x86)/clion_stm32/gcc-arm-none-eabi-9-2019-q4/bin/../lib/gcc/arm-none-eabi/9.2.1/thumb/v7e-m/nofp\libgcc.a(unwind-arm.o) (abort)
d:/program files (x86)/clion_stm32/gcc-arm-none-eabi-9-2019-q4/bin/../lib/gcc/arm-none-eabi/9.2.1/../../../../arm-none-eabi/lib/thumb/v7e-m/nofp\libg.a(lib_a-errno.o)
                              CMakeFiles/F405_Demo.elf.dir/Core/Src/syscalls.c.obj (__errno)
d:/program files (x86)/clion_stm32/gcc-arm-none-eabi-9-2019-q4/bin/../lib/gcc/arm-none-eabi/9.2.1/../../../../arm-none-eabi/lib/thumb/v7e-m/nofp\libg.a(lib_a-exit.o)
                              d:/program files (x86)/clion_stm32/gcc-arm-none-eabi-9-2019-q4/bin/../lib/gcc/arm-none-eabi/9.2.1/../../../../arm-none-eabi/lib/thumb/v7e-m/nofp/crt0.o (exit)
[...]
Memory Configuration

Name             Origin             Length             Attributes
RAM              0x20000000         0x00020000         xrw
CCMRAM           0x10000000         0x00010000         xrw
FLASH            0x08000000         0x00100000         xr
*default*        0x00000000         0xffffffff

Linker script and memory map

LOAD d:/program files (x86)/clion_stm32/gcc-arm-none-eabi-9-2019-q4/bin/../lib/gcc/arm-none-eabi/9.2.1/thumb/v7e-m/nofp/crti.o
LOAD d:/program files (x86)/clion_stm32/gcc-arm-none-eabi-9-2019-q4/bin/../lib/gcc/arm-none-eabi/9.2.1/thumb/v7e-m/nofp/crtbegin.o
LOAD d:/program files (x86)/clion_stm32/gcc-arm-none-eabi-9-2019-q4/bin/../lib/gcc/arm-none-eabi/9.2.1/../../../../arm-none-eabi/lib/thumb/v7e-m/nofp/crt0.o
LOAD CMakeFiles/F405_Demo.elf.dir/Core/Src/dma.c.obj
LOAD CMakeFiles/F405_Demo.elf.dir/Core/Src/gpio.c.obj
LOAD CMakeFiles/F405_Demo.elf.dir/Core/Src/main.c.obj
LOAD CMakeFiles/F405_Demo.elf.dir/Core/Src/stm32f4xx_hal_msp.c.obj
LOAD CMakeFiles/F405_Demo.elf.dir/Core/Src/stm32f4xx_it.c.obj
LOAD CMakeFiles/F405_Demo.elf.dir/Core/Src/syscalls.c.obj
LOAD CMakeFiles/F405_Demo.elf.dir/Core/Src/system_stm32f4xx.c.obj
LOAD CMakeFiles/F405_Demo.elf.dir/Core/Src/tim.c.obj
LOAD CMakeFiles/F405_Demo.elf.dir/Core/Src/usart.c.obj
LOAD CMakeFiles/F405_Demo.elf.dir/Ctrl/Button/button_base.cpp.obj
LOAD CMakeFiles/F405_Demo.elf.dir/Ctrl/Led/led_base.cpp.obj
LOAD CMakeFiles/F405_Demo.elf.dir/Drivers/STM32F4xx_HAL_Driver/Src/stm32f4xx_hal.c.obj
LOAD CMakeFiles/F405_Demo.elf.dir/Drivers/STM32F4xx_HAL_Driver/Src/stm32f4xx_hal_cortex.c.obj
LOAD CMakeFiles/F405_Demo.elf.dir/Drivers/STM32F4xx_HAL_Driver/Src/stm32f4xx_hal_dma.c.obj
LOAD CMakeFiles/F405_Demo.elf.dir/Drivers/STM32F4xx_HAL_Driver/Src/stm32f4xx_hal_dma_ex.c.obj
LOAD CMakeFiles/F405_Demo.elf.dir/Drivers/STM32F4xx_HAL_Driver/Src/stm32f4xx_hal_exti.c.obj
LOAD CMakeFiles/F405_Demo.elf.dir/Drivers/STM32F4xx_HAL_Driver/Src/stm32f4xx_hal_flash.c.obj
LOAD CMakeFiles/F405_Demo.elf.dir/Drivers/STM32F4xx_HAL_Driver/Src/stm32f4xx_hal_flash_ex.c.obj
LOAD CMakeFiles/F405_Demo.elf.dir/Drivers/STM32F4xx_HAL_Driver/Src/stm32f4xx_hal_flash_ramfunc.c.obj
LOAD CMakeFiles/F405_Demo.elf.dir/Drivers/STM32F4xx_HAL_Driver/Src/stm32f4xx_hal_gpio.c.obj
LOAD CMakeFiles/F405_Demo.elf.dir/Drivers/STM32F4xx_HAL_Driver/Src/stm32f4xx_hal_pwr.c.obj
LOAD CMakeFiles/F405_Demo.elf.dir/Drivers/STM32F4xx_HAL_Driver/Src/stm32f4xx_hal_pwr_ex.c.obj
LOAD CMakeFiles/F405_Demo.elf.dir/Drivers/STM32F4xx_HAL_Driver/Src/stm32f4xx_hal_rcc.c.obj
LOAD CMakeFiles/F405_Demo.elf.dir/Drivers/STM32F4xx_HAL_Driver/Src/stm32f4xx_hal_rcc_ex.c.obj
LOAD CMakeFiles/F405_Demo.elf.dir/Drivers/STM32F4xx_HAL_Driver/Src/stm32f4xx_hal_tim.c.obj
LOAD CMakeFiles/F405_Demo.elf.dir/Drivers/STM32F4xx_HAL_Driver/Src/stm32f4xx_hal_tim_ex.c.obj
LOAD CMakeFiles/F405_Demo.elf.dir/Drivers/STM32F4xx_HAL_Driver/Src/stm32f4xx_hal_uart.c.obj
LOAD CMakeFiles/F405_Demo.elf.dir/Port/Platform/Retarget/retarget.c.obj
LOAD CMakeFiles/F405_Demo.elf.dir/Port/Platform/Utils/st_hardware.c.obj
LOAD CMakeFiles/F405_Demo.elf.dir/Port/button_stm32.cpp.obj
LOAD CMakeFiles/F405_Demo.elf.dir/Port/led_stm32.cpp.obj
LOAD CMakeFiles/F405_Demo.elf.dir/UserApp/Protocols/interface_uart.cpp.obj
LOAD CMakeFiles/F405_Demo.elf.dir/UserApp/main.cpp.obj
LOAD CMakeFiles/F405_Demo.elf.dir/startup/startup_stm32f405xx.s.obj
LOAD d:/program files (x86)/clion_stm32/gcc-arm-none-eabi-9-2019-q4/bin/../lib/gcc/arm-none-eabi/9.2.1/../../../../arm-none-eabi/lib/thumb/v7e-m/nofp\libstdc++.a
LOAD d:/program files (x86)/clion_stm32/gcc-arm-none-eabi-9-2019-q4/bin/../lib/gcc/arm-none-eabi/9.2.1/../../../../arm-none-eabi/lib/thumb/v7e-m/nofp\libm.a
START GROUP
LOAD d:/program files (x86)/clion_stm32/gcc-arm-none-eabi-9-2019-q4/bin/../lib/gcc/arm-none-eabi/9.2.1/thumb/v7e-m/nofp\libgcc.a
LOAD d:/program files (x86)/clion_stm32/gcc-arm-none-eabi-9-2019-q4/bin/../lib/gcc/arm-none-eabi/9.2.1/../../../../arm-none-eabi/lib/thumb/v7e-m/nofp\libg.a
LOAD d:/program files (x86)/clion_stm32/gcc-arm-none-eabi-9-2019-q4/bin/../lib/gcc/arm-none-eabi/9.2.1/../../../../arm-none-eabi/lib/thumb/v7e-m/nofp\libc.a
END GROUP
LOAD d:/program files (x86)/clion_stm32/gcc-arm-none-eabi-9-2019-q4/bin/../lib/gcc/arm-none-eabi/9.2.1/thumb/v7e-m/nofp/crtend.o
LOAD d:/program files (x86)/clion_stm32/gcc-arm-none-eabi-9-2019-q4/bin/../lib/gcc/arm-none-eabi/9.2.1/thumb/v7e-m/nofp/crtn.o
                0x20020000                _estack = (ORIGIN (RAM) + LENGTH (RAM))
                0x00000200                _Min_Heap_Size = 0x200
                0x00000400                _Min_Stack_Size = 0x400

.isr_vector     0x08000000      0x188
                0x08000000                . = ALIGN (0x4)
 *(.isr_vector)
 .isr_vector    0x08000000      0x188 CMakeFiles/F405_Demo.elf.dir/startup/startup_stm32f405xx.s.obj
                0x08000000                g_pfnVectors
                0x08000188                . = ALIGN (0x4)

.text           0x080001c0     0xf3ac
                0x080001c0                . = ALIGN (0x4)
 *(.text)
 .text          0x080001c0       0x40 d:/program files (x86)/clion_stm32/gcc-arm-none-eabi-9-2019-q4/bin/../lib/gcc/arm-none-eabi/9.2.1/thumb/v7e-m/nofp/crtbegin.o
 .text          0x08000200      0x378 d:/program files (x86)/clion_stm32/gcc-arm-none-eabi-9-2019-q4/bin/../lib/gcc/arm-none-eabi/9.2.1/thumb/v7e-m/nofp\libgcc.a(_arm_addsubdf3.o)
                0x08000200                __aeabi_drsub
                0x08000208                __aeabi_dsub
                0x08000208                __subdf3
                0x0800020c                __aeabi_dadd
                0x0800020c                __adddf3
                0x08000484                __floatunsidf
                0x08000484                __aeabi_ui2d
                0x080004a4                __floatsidf
                0x080004a4                __aeabi_i2d
                0x080004c8                __aeabi_f2d
                0x080004c8                __extendsfdf2
                0x0800050c                __floatundidf
                0x0800050c                __aeabi_ul2d
                0x0800051c                __floatdidf
                0x0800051c                __aeabi_l2d
 .text          0x08000578       0x30 d:/program files (x86)/clion_stm32/gcc-arm-none-eabi-9-2019-q4/bin/../lib/gcc/arm-none-eabi/9.2.1/thumb/v7e-m/nofp\libgcc.a(_aeabi_uldivmod.o)
                0x08000578                __aeabi_uldivmod
 .text          0x080005a8      0x2c0 d:/program files (x86)/clion_stm32/gcc-arm-none-eabi-9-2019-q4/bin/../lib/gcc/arm-none-eabi/9.2.1/thumb/v7e-m/nofp\libgcc.a(_udivmoddi4.o)
                0x080005a8                __udivmoddi4
 .text          0x08000868      0x9b8 d:/program files (x86)/clion_stm32/gcc-arm-none-eabi-9-2019-q4/bin/../lib/gcc/arm-none-eabi/9.2.1/thumb/v7e-m/nofp\libgcc.a(unwind-arm.o)
                0x08000b10                _Unwind_GetCFA
                0x08000b14                __gnu_Unwind_RaiseException
                0x08000b74                __gnu_Unwind_ForcedUnwind
                0x08000b88                __gnu_Unwind_Resume
                0x08000bcc                __gnu_Unwind_Resume_or_Rethrow
                0x08000bdc                _Unwind_Complete
                0x08000be0                _Unwind_DeleteException
                0x08000bec                _Unwind_VRS_Get
                0x08000c34                _Unwind_VRS_Set
                0x08000c7c                __gnu_Unwind_Backtrace
                0x08000f9c                __aeabi_unwind_cpp_pr0
                0x08000fa0                __aeabi_unwind_cpp_pr1
                0x08000fa4                __aeabi_unwind_cpp_pr2
                0x08000fa8                _Unwind_VRS_Pop
 .text          0x08001220      0x1ac d:/program files (x86)/clion_stm32/gcc-arm-none-eabi-9-2019-q4/bin/../lib/gcc/arm-none-eabi/9.2.1/thumb/v7e-m/nofp\libgcc.a(libunwind.o)
                0x08001220                __restore_core_regs
                0x08001220                restore_core_regs
                0x08001238                __gnu_Unwind_Restore_VFP
                0x08001240                __gnu_Unwind_Save_VFP
                0x08001248                __gnu_Unwind_Restore_VFP_D
                0x08001250                __gnu_Unwind_Save_VFP_D
                0x08001258                __gnu_Unwind_Restore_VFP_D_16_to_31
                0x08001260                __gnu_Unwind_Save_VFP_D_16_to_31
                0x08001268                __gnu_Unwind_Restore_WMMXD
                0x080012ac                __gnu_Unwind_Save_WMMXD
                0x080012f0                __gnu_Unwind_Restore_WMMXC
                0x08001304                __gnu_Unwind_Save_WMMXC
                0x08001318                ___Unwind_RaiseException
                0x08001318                _Unwind_RaiseException
                0x0800133c                _Unwind_Resume
                0x0800133c                ___Unwind_Resume
                0x08001360                _Unwind_Resume_or_Rethrow
                0x08001360                ___Unwind_Resume_or_Rethrow
                0x08001384                _Unwind_ForcedUnwind
                0x08001384                ___Unwind_ForcedUnwind
                0x080013a8                ___Unwind_Backtrace
                0x080013a8                _Unwind_Backtrace
 .text          0x080013cc      0x340 d:/program files (x86)/clion_stm32/gcc-arm-none-eabi-9-2019-q4/bin/../lib/gcc/arm-none-eabi/9.2.1/thumb/v7e-m/nofp\libgcc.a(pr-support.o)
                0x08001424                __gnu_unwind_execute
                0x080016c0                __gnu_unwind_frame
                0x080016ec                _Unwind_GetRegionStart
                0x080016f8                _Unwind_GetLanguageSpecificData
 .text          0x0800170c        0x4 d:/program files (x86)/clion_stm32/gcc-arm-none-eabi-9-2019-q4/bin/../lib/gcc/arm-none-eabi/9.2.1/thumb/v7e-m/nofp\libgcc.a(_dvmd_tls.o)
                0x0800170c                __aeabi_idiv0
                0x0800170c                __aeabi_ldiv0
 .text          0x08001710      0x134 d:/program files (x86)/clion_stm32/gcc-arm-none-eabi-9-2019-q4/bin/../lib/gcc/arm-none-eabi/9.2.1/../../../../arm-none-eabi/lib/thumb/v7e-m/nofp\libg.a(lib_a-memcpy.o)
                0x08001710                memcpy
 *fill*         0x08001844       0x1c 
 .text          0x08001860      0x2dc d:/program files (x86)/clion_stm32/gcc-arm-none-eabi-9-2019-q4/bin/../lib/gcc/arm-none-eabi/9.2.1/../../../../arm-none-eabi/lib/thumb/v7e-m/nofp\libg.a(lib_a-strcmp.o)
                0x08001868                strcmp
 *fill*         0x08001b3c        0x4 
 .text          0x08001b40       0xdc d:/program files (x86)/clion_stm32/gcc-arm-none-eabi-9-2019-q4/bin/../lib/gcc/arm-none-eabi/9.2.1/../../../../arm-none-eabi/lib/thumb/v7e-m/nofp\libg.a(lib_a-strlen.o)
                0x08001b40                strlen
 *fill*         0x08001c1c        0x4 
 .text          0x08001c20       0xa0 d:/program files (x86)/clion_stm32/gcc-arm-none-eabi-9-2019-q4/bin/../lib/gcc/arm-none-eabi/9.2.1/../../../../arm-none-eabi/lib/thumb/v7e-m/nofp\libg.a(lib_a-memchr.o)
                0x08001c20                memchr
 .text          0x08001cc0      0x424 d:/program files (x86)/clion_stm32/gcc-arm-none-eabi-9-2019-q4/bin/../lib/gcc/arm-none-eabi/9.2.1/thumb/v7e-m/nofp\libgcc.a(_arm_muldivdf3.o)
                0x08001cc0                __aeabi_dmul
                0x08001cc0                __muldf3
                0x08001f14                __divdf3
                0x08001f14                __aeabi_ddiv
 .text          0x080020e4      0x110 d:/program files (x86)/clion_stm32/gcc-arm-none-eabi-9-2019-q4/bin/../lib/gcc/arm-none-eabi/9.2.1/thumb/v7e-m/nofp\libgcc.a(_arm_cmpdf2.o)
                0x080020e4                __gtdf2
                0x080020e4                __gedf2
                0x080020ec                __ltdf2
                0x080020ec                __ledf2
                0x080020f4                __nedf2
                0x080020f4                __eqdf2
                0x080020f4                __cmpdf2
                0x08002170                __aeabi_cdrcmple
                0x08002180                __aeabi_cdcmpeq
                0x08002180                __aeabi_cdcmple
                0x08002190                __aeabi_dcmpeq
                0x080021a4                __aeabi_dcmplt
                0x080021b8                __aeabi_dcmple
                0x080021cc                __aeabi_dcmpge
                0x080021e0                __aeabi_dcmpgt
 .text          0x080021f4       0x2c d:/program files (x86)/clion_stm32/gcc-arm-none-eabi-9-2019-q4/bin/../lib/gcc/arm-none-eabi/9.2.1/thumb/v7e-m/nofp\libgcc.a(_arm_unorddf2.o)
                0x080021f4                __unorddf2
                0x080021f4                __aeabi_dcmpun
 .text          0x08002220       0x50 d:/program files (x86)/clion_stm32/gcc-arm-none-eabi-9-2019-q4/bin/../lib/gcc/arm-none-eabi/9.2.1/thumb/v7e-m/nofp\libgcc.a(_arm_fixdfsi.o)
                0x08002220                __aeabi_d2iz
                0x08002220                __fixdfsi
 .text          0x08002270       0x40 d:/program files (x86)/clion_stm32/gcc-arm-none-eabi-9-2019-q4/bin/../lib/gcc/arm-none-eabi/9.2.1/thumb/v7e-m/nofp\libgcc.a(_arm_fixunsdfsi.o)
                0x08002270                __aeabi_d2uiz
                0x08002270                __fixunsdfsi
 .text          0x080022b0       0xa0 d:/program files (x86)/clion_stm32/gcc-arm-none-eabi-9-2019-q4/bin/../lib/gcc/arm-none-eabi/9.2.1/thumb/v7e-m/nofp\libgcc.a(_arm_truncdfsf2.o)
                0x080022b0                __truncdfsf2
                0x080022b0                __aeabi_d2f
 .text          0x08002350       0x34 d:/program files (x86)/clion_stm32/gcc-arm-none-eabi-9-2019-q4/bin/../lib/gcc/arm-none-eabi/9.2.1/thumb/v7e-m/nofp\libgcc.a(_fixdfdi.o)
                0x08002350                __fixdfdi
                0x08002350                __aeabi_d2lz
 .text          0x08002384       0x3c d:/program files (x86)/clion_stm32/gcc-arm-none-eabi-9-2019-q4/bin/../lib/gcc/arm-none-eabi/9.2.1/thumb/v7e-m/nofp\libgcc.a(_fixunsdfdi.o)
                0x08002384                __fixunsdfdi
                0x08002384                __aeabi_d2ulz
 *(.text*)
 .text.MX_DMA_Init
                0x080023c0       0x44 CMakeFiles/F405_Demo.elf.dir/Core/Src/dma.c.obj
                0x080023c0                MX_DMA_Init
 .text.MX_GPIO_Init
                0x08002404       0x90 CMakeFiles/F405_Demo.elf.dir/Core/Src/gpio.c.obj
                0x08002404                MX_GPIO_Init
 .text.Error_Handler
                0x08002494        0x4 CMakeFiles/F405_Demo.elf.dir/Core/Src/main.c.obj
                0x08002494                Error_Handler
 .text.SystemClock_Config
                0x08002498       0xa4 CMakeFiles/F405_Demo.elf.dir/Core/Src/main.c.obj
                0x08002498                SystemClock_Config
 .text.main     0x0800253c       0x20 CMakeFiles/F405_Demo.elf.dir/Core/Src/main.c.obj
                0x0800253c                main
 .text.HAL_MspInit
                0x0800255c       0x38 CMakeFiles/F405_Demo.elf.dir/Core/Src/stm32f4xx_hal_msp.c.obj
                0x0800255c                HAL_MspInit
 .text.NMI_Handler
                0x08002594        0x2 CMakeFiles/F405_Demo.elf.dir/Core/Src/stm32f4xx_it.c.obj
                0x08002594                NMI_Handler
 .text.HardFault_Handler
                0x08002596        0x2 CMakeFiles/F405_Demo.elf.dir/Core/Src/stm32f4xx_it.c.obj
                0x08002596                HardFault_Handler
 .text.MemManage_Handler
                0x08002598        0x2 CMakeFiles/F405_Demo.elf.dir/Core/Src/stm32f4xx_it.c.obj
                0x08002598                MemManage_Handler
 .text.BusFault_Handler
                0x0800259a        0x2 CMakeFiles/F405_Demo.elf.dir/Core/Src/stm32f4xx_it.c.obj
                0x0800259a                BusFault_Handler
 .text.UsageFault_Handler
                0x0800259c        0x2 CMakeFiles/F405_Demo.elf.dir/Core/Src/stm32f4xx_it.c.obj
                0x0800259c                UsageFault_Handler
 .text.SVC_Handler
                0x0800259e        0x2 CMakeFiles/F405_Demo.elf.dir/Core/Src/stm32f4xx_it.c.obj
                0x0800259e                SVC_Handler
 .text.DebugMon_Handler
                0x080025a0        0x2 CMakeFiles/F405_Demo.elf.dir/Core/Src/stm32f4xx_it.c.obj
                0x080025a0                DebugMon_Handler
 .text.PendSV_Handler
                0x080025a2        0x2 CMakeFiles/F405_Demo.elf.dir/Core/Src/stm32f4xx_it.c.obj
                0x080025a2                PendSV_Handler
 .text.SysTick_Handler
                0x080025a4        0x8 CMakeFiles/F405_Demo.elf.dir/Core/Src/stm32f4xx_it.c.obj
                0x080025a4                SysTick_Handler
 .text.USART1_IRQHandler
                0x080025ac       0x78 CMakeFiles/F405_Demo.elf.dir/Core/Src/stm32f4xx_it.c.obj
                0x080025ac                USART1_IRQHandler
 .text.TIM5_IRQHandler
                0x08002624       0x14 CMakeFiles/F405_Demo.elf.dir/Core/Src/stm32f4xx_it.c.obj
                0x08002624                TIM5_IRQHandler
 .text.DMA2_Stream2_IRQHandler
                0x08002638       0x10 CMakeFiles/F405_Demo.elf.dir/Core/Src/stm32f4xx_it.c.obj
                0x08002638                DMA2_Stream2_IRQHandler
 .text.DMA2_Stream7_IRQHandler
                0x08002648       0x10 CMakeFiles/F405_Demo.elf.dir/Core/Src/stm32f4xx_it.c.obj
                0x08002648                DMA2_Stream7_IRQHandler
 .text._getpid  0x08002658        0x4 CMakeFiles/F405_Demo.elf.dir/Core/Src/syscalls.c.obj
                0x08002658                _getpid
 .text._kill    0x0800265c       0x10 CMakeFiles/F405_Demo.elf.dir/Core/Src/syscalls.c.obj
                0x0800265c                _kill
 .text._exit    0x0800266c        0xc CMakeFiles/F405_Demo.elf.dir/Core/Src/syscalls.c.obj
                0x0800266c                _exit
 .text._sbrk    0x08002678       0x3c CMakeFiles/F405_Demo.elf.dir/Core/Src/syscalls.c.obj
                0x08002678                _sbrk
 .text.SystemInit
                0x080026b4        0x2 CMakeFiles/F405_Demo.elf.dir/Core/Src/system_stm32f4xx.c.obj
                0x080026b4                SystemInit
 *fill*         0x080026b6        0x2 
 .text.MX_TIM5_Init
                0x080026b8       0x70 CMakeFiles/F405_Demo.elf.dir/Core/Src/tim.c.obj
                0x080026b8                MX_TIM5_Init
 .text.HAL_TIM_Base_MspInit
                0x08002728       0x40 CMakeFiles/F405_Demo.elf.dir/Core/Src/tim.c.obj
                0x08002728                HAL_TIM_Base_MspInit
 .text.HAL_UART_MspInit
                0x08002768       0xfc CMakeFiles/F405_Demo.elf.dir/Core/Src/usart.c.obj
                0x08002768                HAL_UART_MspInit
 .text.Uart_SetRxCpltCallBack
                0x08002864        0xc CMakeFiles/F405_Demo.elf.dir/Core/Src/usart.c.obj
                0x08002864                Uart_SetRxCpltCallBack
 .text.MX_USART1_UART_Init
                0x08002870       0x60 CMakeFiles/F405_Demo.elf.dir/Core/Src/usart.c.obj
                0x08002870                MX_USART1_UART_Init
 .text._ZN10ButtonBase4TickEm
                0x080028d0       0x4c CMakeFiles/F405_Demo.elf.dir/Ctrl/Button/button_base.cpp.obj
                0x080028d0                ButtonBase::Tick(unsigned long)
 .text._ZN10ButtonBase18SetOnEventListenerEPFvNS_5EventEE
                0x0800291c       0x14 CMakeFiles/F405_Demo.elf.dir/Ctrl/Button/button_base.cpp.obj
                0x0800291c                ButtonBase::SetOnEventListener(void (*)(ButtonBase::Event))
 .text._ZN7LedBase4TickEmh
                0x08002930       0xa4 CMakeFiles/F405_Demo.elf.dir/Ctrl/Led/led_base.cpp.obj
                0x08002930                LedBase::Tick(unsigned long, unsigned char)
 .text.HAL_InitTick
                0x080029d4       0x4c CMakeFiles/F405_Demo.elf.dir/Drivers/STM32F4xx_HAL_Driver/Src/stm32f4xx_hal.c.obj
                0x080029d4                HAL_InitTick
 .text.HAL_Init
                0x08002a20       0x34 CMakeFiles/F405_Demo.elf.dir/Drivers/STM32F4xx_HAL_Driver/Src/stm32f4xx_hal.c.obj
                0x08002a20                HAL_Init
 .text.HAL_IncTick
                0x08002a54       0x18 CMakeFiles/F405_Demo.elf.dir/Drivers/STM32F4xx_HAL_Driver/Src/stm32f4xx_hal.c.obj
                0x08002a54                HAL_IncTick
 .text.HAL_GetTick
                0x08002a6c        0xc CMakeFiles/F405_Demo.elf.dir/Drivers/STM32F4xx_HAL_Driver/Src/stm32f4xx_hal.c.obj
                0x08002a6c                HAL_GetTick
 .text.HAL_Delay
                0x08002a78       0x28 CMakeFiles/F405_Demo.elf.dir/Drivers/STM32F4xx_HAL_Driver/Src/stm32f4xx_hal.c.obj
                0x08002a78                HAL_Delay
 .text.HAL_NVIC_SetPriorityGrouping
                0x08002aa0       0x24 CMakeFiles/F405_Demo.elf.dir/Drivers/STM32F4xx_HAL_Driver/Src/stm32f4xx_hal_cortex.c.obj
                0x08002aa0                HAL_NVIC_SetPriorityGrouping
 .text.HAL_NVIC_SetPriority
                0x08002ac4       0x68 CMakeFiles/F405_Demo.elf.dir/Drivers/STM32F4xx_HAL_Driver/Src/stm32f4xx_hal_cortex.c.obj
                0x08002ac4                HAL_NVIC_SetPriority
 .text.HAL_NVIC_EnableIRQ
                0x08002b2c       0x1c CMakeFiles/F405_Demo.elf.dir/Drivers/STM32F4xx_HAL_Driver/Src/stm32f4xx_hal_cortex.c.obj
                0x08002b2c                HAL_NVIC_EnableIRQ
 .text.HAL_SYSTICK_Config
                0x08002b48       0x2c CMakeFiles/F405_Demo.elf.dir/Drivers/STM32F4xx_HAL_Driver/Src/stm32f4xx_hal_cortex.c.obj
                0x08002b48                HAL_SYSTICK_Config
 .text.DMA_SetConfig
                0x08002b74       0x2c CMakeFiles/F405_Demo.elf.dir/Drivers/STM32F4xx_HAL_Driver/Src/stm32f4xx_hal_dma.c.obj
 .text.DMA_CalcBaseAndBitshift
                0x08002ba0       0x40 CMakeFiles/F405_Demo.elf.dir/Drivers/STM32F4xx_HAL_Driver/Src/stm32f4xx_hal_dma.c.obj
 .text.DMA_CheckFifoParam
                0x08002be0       0x8e CMakeFiles/F405_Demo.elf.dir/Drivers/STM32F4xx_HAL_Driver/Src/stm32f4xx_hal_dma.c.obj
 *fill*         0x08002c6e        0x2 
 .text.HAL_DMA_Init
                0x08002c70       0xcc CMakeFiles/F405_Demo.elf.dir/Drivers/STM32F4xx_HAL_Driver/Src/stm32f4xx_hal_dma.c.obj
                0x08002c70                HAL_DMA_Init
 .text.HAL_DMA_Start_IT
                0x08002d3c       0x6a CMakeFiles/F405_Demo.elf.dir/Drivers/STM32F4xx_HAL_Driver/Src/stm32f4xx_hal_dma.c.obj
                0x08002d3c                HAL_DMA_Start_IT
 .text.HAL_DMA_Abort
                0x08002da6       0x94 CMakeFiles/F405_Demo.elf.dir/Drivers/STM32F4xx_HAL_Driver/Src/stm32f4xx_hal_dma.c.obj
                0x08002da6                HAL_DMA_Abort
 .text.HAL_DMA_Abort_IT
                0x08002e3a       0x26 CMakeFiles/F405_Demo.elf.dir/Drivers/STM32F4xx_HAL_Driver/Src/stm32f4xx_hal_dma.c.obj
                0x08002e3a                HAL_DMA_Abort_IT
 .text.HAL_DMA_IRQHandler
                0x08002e60      0x1dc CMakeFiles/F405_Demo.elf.dir/Drivers/STM32F4xx_HAL_Driver/Src/stm32f4xx_hal_dma.c.obj
                0x08002e60                HAL_DMA_IRQHandler
 .text.HAL_GPIO_Init
                0x0800303c      0x1d4 CMakeFiles/F405_Demo.elf.dir/Drivers/STM32F4xx_HAL_Driver/Src/stm32f4xx_hal_gpio.c.obj
                0x0800303c                HAL_GPIO_Init
 .text.HAL_GPIO_ReadPin
                0x08003210        0xe CMakeFiles/F405_Demo.elf.dir/Drivers/STM32F4xx_HAL_Driver/Src/stm32f4xx_hal_gpio.c.obj
                0x08003210                HAL_GPIO_ReadPin
 .text.HAL_GPIO_WritePin
                0x0800321e        0xc CMakeFiles/F405_Demo.elf.dir/Drivers/STM32F4xx_HAL_Driver/Src/stm32f4xx_hal_gpio.c.obj
                0x0800321e                HAL_GPIO_WritePin
 *fill*         0x0800322a        0x2 
 .text.HAL_RCC_OscConfig
                0x0800322c      0x3f8 CMakeFiles/F405_Demo.elf.dir/Drivers/STM32F4xx_HAL_Driver/Src/stm32f4xx_hal_rcc.c.obj
                0x0800322c                HAL_RCC_OscConfig
 .text.HAL_RCC_GetSysClockFreq
                0x08003624       0xa0 CMakeFiles/F405_Demo.elf.dir/Drivers/STM32F4xx_HAL_Driver/Src/stm32f4xx_hal_rcc.c.obj
                0x08003624                HAL_RCC_GetSysClockFreq
 .text.HAL_RCC_ClockConfig
                0x080036c4      0x160 CMakeFiles/F405_Demo.elf.dir/Drivers/STM32F4xx_HAL_Driver/Src/stm32f4xx_hal_rcc.c.obj
                0x080036c4                HAL_RCC_ClockConfig
 .text.HAL_RCC_GetHCLKFreq
                0x08003824        0xc CMakeFiles/F405_Demo.elf.dir/Drivers/STM32F4xx_HAL_Driver/Src/stm32f4xx_hal_rcc.c.obj
                0x08003824                HAL_RCC_GetHCLKFreq
 .text.HAL_RCC_GetPCLK1Freq
                0x08003830       0x20 CMakeFiles/F405_Demo.elf.dir/Drivers/STM32F4xx_HAL_Driver/Src/stm32f4xx_hal_rcc.c.obj
                0x08003830                HAL_RCC_GetPCLK1Freq
 .text.HAL_RCC_GetPCLK2Freq
                0x08003850       0x20 CMakeFiles/F405_Demo.elf.dir/Drivers/STM32F4xx_HAL_Driver/Src/stm32f4xx_hal_rcc.c.obj
                0x08003850                HAL_RCC_GetPCLK2Freq
 .text.TIM_TI1_ConfigInputStage
                0x08003870       0x24 CMakeFiles/F405_Demo.elf.dir/Drivers/STM32F4xx_HAL_Driver/Src/stm32f4xx_hal_tim.c.obj
 .text.TIM_TI2_ConfigInputStage
                0x08003894       0x26 CMakeFiles/F405_Demo.elf.dir/Drivers/STM32F4xx_HAL_Driver/Src/stm32f4xx_hal_tim.c.obj
 .text.TIM_ITRx_SetConfig
                0x080038ba       0x10 CMakeFiles/F405_Demo.elf.dir/Drivers/STM32F4xx_HAL_Driver/Src/stm32f4xx_hal_tim.c.obj
 *fill*         0x080038ca        0x2 
 .text.HAL_TIM_Base_Start_IT
                0x080038cc       0x88 CMakeFiles/F405_Demo.elf.dir/Drivers/STM32F4xx_HAL_Driver/Src/stm32f4xx_hal_tim.c.obj
                0x080038cc                HAL_TIM_Base_Start_IT
 .text.HAL_TIM_PeriodElapsedCallback
                0x08003954        0x2 CMakeFiles/F405_Demo.elf.dir/Drivers/STM32F4xx_HAL_Driver/Src/stm32f4xx_hal_tim.c.obj
                0x08003954                HAL_TIM_PeriodElapsedCallback
 .text.HAL_TIM_OC_DelayElapsedCallback
                0x08003956        0x2 CMakeFiles/F405_Demo.elf.dir/Drivers/STM32F4xx_HAL_Driver/Src/stm32f4xx_hal_tim.c.obj
                0x08003956                HAL_TIM_OC_DelayElapsedCallback
 .text.HAL_TIM_IC_CaptureCallback
                0x08003958        0x2 CMakeFiles/F405_Demo.elf.dir/Drivers/STM32F4xx_HAL_Driver/Src/stm32f4xx_hal_tim.c.obj
                0x08003958                HAL_TIM_IC_CaptureCallback
 .text.HAL_TIM_PWM_PulseFinishedCallback
                0x0800395a        0x2 CMakeFiles/F405_Demo.elf.dir/Drivers/STM32F4xx_HAL_Driver/Src/stm32f4xx_hal_tim.c.obj
                0x0800395a                HAL_TIM_PWM_PulseFinishedCallback
 .text.HAL_TIM_TriggerCallback
                0x0800395c        0x2 CMakeFiles/F405_Demo.elf.dir/Drivers/STM32F4xx_HAL_Driver/Src/stm32f4xx_hal_tim.c.obj
                0x0800395c                HAL_TIM_TriggerCallback
 .text.HAL_TIM_IRQHandler
                0x0800395e      0x17a CMakeFiles/F405_Demo.elf.dir/Drivers/STM32F4xx_HAL_Driver/Src/stm32f4xx_hal_tim.c.obj
                0x0800395e                HAL_TIM_IRQHandler
 .text.TIM_Base_SetConfig
                0x08003ad8       0xc8 CMakeFiles/F405_Demo.elf.dir/Drivers/STM32F4xx_HAL_Driver/Src/stm32f4xx_hal_tim.c.obj
                0x08003ad8                TIM_Base_SetConfig
 .text.HAL_TIM_Base_Init
                0x08003ba0       0x58 CMakeFiles/F405_Demo.elf.dir/Drivers/STM32F4xx_HAL_Driver/Src/stm32f4xx_hal_tim.c.obj
                0x08003ba0                HAL_TIM_Base_Init
 .text.TIM_ETR_SetConfig
                0x08003bf8       0x16 CMakeFiles/F405_Demo.elf.dir/Drivers/STM32F4xx_HAL_Driver/Src/stm32f4xx_hal_tim.c.obj
                0x08003bf8                TIM_ETR_SetConfig
 .text.HAL_TIM_ConfigClockSource
                0x08003c0e       0xfe CMakeFiles/F405_Demo.elf.dir/Drivers/STM32F4xx_HAL_Driver/Src/stm32f4xx_hal_tim.c.obj
                0x08003c0e                HAL_TIM_ConfigClockSource
 .text.HAL_TIMEx_MasterConfigSynchronization
                0x08003d0c       0x88 CMakeFiles/F405_Demo.elf.dir/Drivers/STM32F4xx_HAL_Driver/Src/stm32f4xx_hal_tim_ex.c.obj
                0x08003d0c                HAL_TIMEx_MasterConfigSynchronization
 .text.HAL_TIMEx_CommutCallback
                0x08003d94        0x2 CMakeFiles/F405_Demo.elf.dir/Drivers/STM32F4xx_HAL_Driver/Src/stm32f4xx_hal_tim_ex.c.obj
                0x08003d94                HAL_TIMEx_CommutCallback
 .text.HAL_TIMEx_BreakCallback
                0x08003d96        0x2 CMakeFiles/F405_Demo.elf.dir/Drivers/STM32F4xx_HAL_Driver/Src/stm32f4xx_hal_tim_ex.c.obj
                0x08003d96                HAL_TIMEx_BreakCallback
 .text.UART_EndTxTransfer
                0x08003d98       0x20 CMakeFiles/F405_Demo.elf.dir/Drivers/STM32F4xx_HAL_Driver/Src/stm32f4xx_hal_uart.c.obj
 .text.UART_EndRxTransfer
                0x08003db8       0x5c CMakeFiles/F405_Demo.elf.dir/Drivers/STM32F4xx_HAL_Driver/Src/stm32f4xx_hal_uart.c.obj
 .text.UART_Transmit_IT
                0x08003e14       0x60 CMakeFiles/F405_Demo.elf.dir/Drivers/STM32F4xx_HAL_Driver/Src/stm32f4xx_hal_uart.c.obj
 .text.UART_SetConfig
                0x08003e74      0x11c CMakeFiles/F405_Demo.elf.dir/Drivers/STM32F4xx_HAL_Driver/Src/stm32f4xx_hal_uart.c.obj
 .text.UART_WaitOnFlagUntilTimeout
                0x08003f90       0x84 CMakeFiles/F405_Demo.elf.dir/Drivers/STM32F4xx_HAL_Driver/Src/stm32f4xx_hal_uart.c.obj
 .text.HAL_UART_Init
                0x08004014       0x5e CMakeFiles/F405_Demo.elf.dir/Drivers/STM32F4xx_HAL_Driver/Src/stm32f4xx_hal_uart.c.obj
                0x08004014                HAL_UART_Init
 .text.HAL_UART_Transmit
                0x08004072       0xd8 CMakeFiles/F405_Demo.elf.dir/Drivers/STM32F4xx_HAL_Driver/Src/stm32f4xx_hal_uart.c.obj
                0x08004072                HAL_UART_Transmit
 .text.HAL_UART_Receive
                0x0800414a       0xe4 CMakeFiles/F405_Demo.elf.dir/Drivers/STM32F4xx_HAL_Driver/Src/stm32f4xx_hal_uart.c.obj
                0x0800414a                HAL_UART_Receive
 .text.HAL_UART_DMAStop
                0x0800422e       0x84 CMakeFiles/F405_Demo.elf.dir/Drivers/STM32F4xx_HAL_Driver/Src/stm32f4xx_hal_uart.c.obj
                0x0800422e                HAL_UART_DMAStop
 .text.HAL_UART_TxCpltCallback
                0x080042b2        0x2 CMakeFiles/F405_Demo.elf.dir/Drivers/STM32F4xx_HAL_Driver/Src/stm32f4xx_hal_uart.c.obj
                0x080042b2                HAL_UART_TxCpltCallback
 .text.UART_EndTransmit_IT
                0x080042b4       0x1a CMakeFiles/F405_Demo.elf.dir/Drivers/STM32F4xx_HAL_Driver/Src/stm32f4xx_hal_uart.c.obj
 .text.HAL_UART_RxCpltCallback
                0x080042ce        0x2 CMakeFiles/F405_Demo.elf.dir/Drivers/STM32F4xx_HAL_Driver/Src/stm32f4xx_hal_uart.c.obj
                0x080042ce                HAL_UART_RxCpltCallback
 .text.HAL_UART_RxHalfCpltCallback
                0x080042d0        0x2 CMakeFiles/F405_Demo.elf.dir/Drivers/STM32F4xx_HAL_Driver/Src/stm32f4xx_hal_uart.c.obj
                0x080042d0                HAL_UART_RxHalfCpltCallback
 .text.HAL_UART_ErrorCallback
                0x080042d2        0x2 CMakeFiles/F405_Demo.elf.dir/Drivers/STM32F4xx_HAL_Driver/Src/stm32f4xx_hal_uart.c.obj
                0x080042d2                HAL_UART_ErrorCallback
 .text.UART_DMAError
                0x080042d4       0x58 CMakeFiles/F405_Demo.elf.dir/Drivers/STM32F4xx_HAL_Driver/Src/stm32f4xx_hal_uart.c.obj
 .text.UART_DMAAbortOnError
                0x0800432c       0x10 CMakeFiles/F405_Demo.elf.dir/Drivers/STM32F4xx_HAL_Driver/Src/stm32f4xx_hal_uart.c.obj
 .text.HAL_UARTEx_RxEventCallback
                0x0800433c        0x2 CMakeFiles/F405_Demo.elf.dir/Drivers/STM32F4xx_HAL_Driver/Src/stm32f4xx_hal_uart.c.obj
                0x0800433c                HAL_UARTEx_RxEventCallback
 .text.UART_Receive_IT
                0x0800433e       0xe2 CMakeFiles/F405_Demo.elf.dir/Drivers/STM32F4xx_HAL_Driver/Src/stm32f4xx_hal_uart.c.obj
 .text.HAL_UART_IRQHandler
                0x08004420      0x280 CMakeFiles/F405_Demo.elf.dir/Drivers/STM32F4xx_HAL_Driver/Src/stm32f4xx_hal_uart.c.obj
                0x08004420                HAL_UART_IRQHandler
 .text.UART_DMARxHalfCplt
                0x080046a0       0x1a CMakeFiles/F405_Demo.elf.dir/Drivers/STM32F4xx_HAL_Driver/Src/stm32f4xx_hal_uart.c.obj
 .text.UART_DMAReceiveCplt
                0x080046ba       0x96 CMakeFiles/F405_Demo.elf.dir/Drivers/STM32F4xx_HAL_Driver/Src/stm32f4xx_hal_uart.c.obj
 .text.UART_Start_Receive_DMA
                0x08004750       0xa8 CMakeFiles/F405_Demo.elf.dir/Drivers/STM32F4xx_HAL_Driver/Src/stm32f4xx_hal_uart.c.obj
                0x08004750                UART_Start_Receive_DMA
 .text.HAL_UART_Receive_DMA
                0x080047f8       0x38 CMakeFiles/F405_Demo.elf.dir/Drivers/STM32F4xx_HAL_Driver/Src/stm32f4xx_hal_uart.c.obj
                0x080047f8                HAL_UART_Receive_DMA
 .text.RetargetInit
                0x08004830       0x20 CMakeFiles/F405_Demo.elf.dir/Port/Platform/Retarget/retarget.c.obj
                0x08004830                RetargetInit
 .text._isatty  0x08004850       0x16 CMakeFiles/F405_Demo.elf.dir/Port/Platform/Retarget/retarget.c.obj
                0x08004850                _isatty
 *fill*         0x08004866        0x2 
 .text._write   0x08004868       0x28 CMakeFiles/F405_Demo.elf.dir/Port/Platform/Retarget/retarget.c.obj
                0x08004868                _write
 .text._close   0x08004890       0x18 CMakeFiles/F405_Demo.elf.dir/Port/Platform/Retarget/retarget.c.obj
                0x08004890                _close
 .text._lseek   0x080048a8       0x10 CMakeFiles/F405_Demo.elf.dir/Port/Platform/Retarget/retarget.c.obj
                0x080048a8                _lseek
 .text._read    0x080048b8       0x30 CMakeFiles/F405_Demo.elf.dir/Port/Platform/Retarget/retarget.c.obj
                0x080048b8                _read
 .text._fstat   0x080048e8       0x1a CMakeFiles/F405_Demo.elf.dir/Port/Platform/Retarget/retarget.c.obj
                0x080048e8                _fstat
 *fill*         0x08004902        0x2 
 .text.GetSerialNumber
                0x08004904       0x20 CMakeFiles/F405_Demo.elf.dir/Port/Platform/Utils/st_hardware.c.obj
                0x08004904                GetSerialNumber
 .text._ZN6Button15ReadButtonPinIOEh
                0x08004924       0x24 CMakeFiles/F405_Demo.elf.dir/Port/button_stm32.cpp.obj
                0x08004924                Button::ReadButtonPinIO(unsigned char)
 .text._ZN3Led11SetLedStateEhb
                0x08004948       0x20 CMakeFiles/F405_Demo.elf.dir/Port/led_stm32.cpp.obj
                0x08004948                Led::SetLedState(unsigned char, bool)
 .text.OnUartCmd
                0x08004968       0xbc CMakeFiles/F405_Demo.elf.dir/UserApp/Protocols/interface_uart.cpp.obj
                0x08004968                OnUartCmd
 .text._Z41__static_initialization_and_destruction_0ii
                0x08004a24       0x34 CMakeFiles/F405_Demo.elf.dir/UserApp/main.cpp.obj
 .text._Z14OnButton1EventN10ButtonBase5EventE
                0x08004a58       0x24 CMakeFiles/F405_Demo.elf.dir/UserApp/main.cpp.obj
                0x08004a58                OnButton1Event(ButtonBase::Event)
 .text.Main     0x08004a7c       0x38 CMakeFiles/F405_Demo.elf.dir/UserApp/main.cpp.obj
                0x08004a7c                Main
 .text.Tim5Callback100Hz
                0x08004ab4       0x2c CMakeFiles/F405_Demo.elf.dir/UserApp/main.cpp.obj
                0x08004ab4                Tim5Callback100Hz
 .text._GLOBAL__sub_I_button1
                0x08004ae0        0xe CMakeFiles/F405_Demo.elf.dir/UserApp/main.cpp.obj
 *fill*         0x08004aee        0x2 
 .text.Reset_Handler
                0x08004af0       0x50 CMakeFiles/F405_Demo.elf.dir/startup/startup_stm32f405xx.s.obj
                0x08004af0                Reset_Handler
 .text.Default_Handler
                0x08004b40        0x2 CMakeFiles/F405_Demo.elf.dir/startup/startup_stm32f405xx.s.obj
                0x08004b40                RTC_Alarm_IRQHandler
                0x08004b40                HASH_RNG_IRQHandler
                0x08004b40                EXTI2_IRQHandler
                0x08004b40                TIM8_CC_IRQHandler
                0x08004b40                TIM1_CC_IRQHandler
                0x08004b40                DMA2_Stream5_IRQHandler
                0x08004b40                DMA1_Stream5_IRQHandler
                0x08004b40                PVD_IRQHandler
                0x08004b40                SDIO_IRQHandler
                0x08004b40                TAMP_STAMP_IRQHandler
                0x08004b40                CAN2_RX1_IRQHandler
                0x08004b40                EXTI3_IRQHandler
                0x08004b40                TIM8_TRG_COM_TIM14_IRQHandler
                0x08004b40                TIM1_UP_TIM10_IRQHandler
                0x08004b40                TIM8_UP_TIM13_IRQHandler
                0x08004b40                I2C3_ER_IRQHandler
                0x08004b40                EXTI0_IRQHandler
                0x08004b40                I2C2_EV_IRQHandler
                0x08004b40                DMA1_Stream2_IRQHandler
                0x08004b40                CAN1_RX0_IRQHandler
                0x08004b40                FPU_IRQHandler
                0x08004b40                OTG_HS_WKUP_IRQHandler
                0x08004b40                CAN2_SCE_IRQHandler
                0x08004b40                SPI1_IRQHandler
                0x08004b40                TIM6_DAC_IRQHandler
                0x08004b40                TIM1_BRK_TIM9_IRQHandler
                0x08004b40                CAN2_RX0_IRQHandler
                0x08004b40                DMA2_Stream3_IRQHandler
                0x08004b40                USART6_IRQHandler
                0x08004b40                USART3_IRQHandler
                0x08004b40                CAN1_RX1_IRQHandler
                0x08004b40                UART5_IRQHandler
                0x08004b40                DMA2_Stream0_IRQHandler
                0x08004b40                TIM4_IRQHandler
                0x08004b40                I2C1_EV_IRQHandler
                0x08004b40                DMA1_Stream6_IRQHandler
                0x08004b40                DMA1_Stream1_IRQHandler
                0x08004b40                UART4_IRQHandler
                0x08004b40                TIM3_IRQHandler
                0x08004b40                RCC_IRQHandler
                0x08004b40                TIM8_BRK_TIM12_IRQHandler
                0x08004b40                Default_Handler
                0x08004b40                EXTI15_10_IRQHandler
                0x08004b40                ADC_IRQHandler
                0x08004b40                DMA1_Stream7_IRQHandler
                0x08004b40                TIM7_IRQHandler
                0x08004b40                CAN2_TX_IRQHandler
                0x08004b40                I2C3_EV_IRQHandler
                0x08004b40                EXTI9_5_IRQHandler
                0x08004b40                RTC_WKUP_IRQHandler
                0x08004b40                SPI2_IRQHandler
                0x08004b40                OTG_HS_EP1_IN_IRQHandler
                0x08004b40                DMA1_Stream0_IRQHandler
                0x08004b40                CAN1_TX_IRQHandler
                0x08004b40                EXTI4_IRQHandler
                0x08004b40                FSMC_IRQHandler
                0x08004b40                OTG_HS_EP1_OUT_IRQHandler
                0x08004b40                WWDG_IRQHandler
                0x08004b40                TIM2_IRQHandler
                0x08004b40                OTG_FS_WKUP_IRQHandler
                0x08004b40                TIM1_TRG_COM_TIM11_IRQHandler
                0x08004b40                OTG_HS_IRQHandler
                0x08004b40                EXTI1_IRQHandler
                0x08004b40                USART2_IRQHandler
                0x08004b40                I2C2_ER_IRQHandler
                0x08004b40                DMA2_Stream1_IRQHandler
                0x08004b40                CAN1_SCE_IRQHandler
                0x08004b40                FLASH_IRQHandler
                0x08004b40                DMA2_Stream4_IRQHandler
                0x08004b40                OTG_FS_IRQHandler
                0x08004b40                SPI3_IRQHandler
                0x08004b40                DMA1_Stream4_IRQHandler
                0x08004b40                I2C1_ER_IRQHandler
                0x08004b40                DMA2_Stream6_IRQHandler
                0x08004b40                DMA1_Stream3_IRQHandler
 *fill*         0x08004b42        0x2 
 .text._ZNK10__cxxabiv117__class_type_info11__do_upcastEPKS0_PPv
                0x08004b44       0x38 d:/program files (x86)/clion_stm32/gcc-arm-none-eabi-9-2019-q4/bin/../lib/gcc/arm-none-eabi/9.2.1/../../../../arm-none-eabi/lib/thumb/v7e-m/nofp\libstdc++.a(class_type_info.o)
                0x08004b44                __cxxabiv1::__class_type_info::__do_upcast(__cxxabiv1::__class_type_info const*, void**) const
 .text._ZNK10__cxxabiv117__class_type_info20__do_find_public_srcEiPKvPKS0_S2_
                0x08004b7c        0xc d:/program files (x86)/clion_stm32/gcc-arm-none-eabi-9-2019-q4/bin/../lib/gcc/arm-none-eabi/9.2.1/../../../../arm-none-eabi/lib/thumb/v7e-m/nofp\libstdc++.a(class_type_info.o)
                0x08004b7c                __cxxabiv1::__class_type_info::__do_find_public_src(int, void const*, __cxxabiv1::__class_type_info const*, void const*) const
 .text._ZN10__cxxabiv117__class_type_infoD2Ev
                0x08004b88       0x14 d:/program files (x86)/clion_stm32/gcc-arm-none-eabi-9-2019-q4/bin/../lib/gcc/arm-none-eabi/9.2.1/../../../../arm-none-eabi/lib/thumb/v7e-m/nofp\libstdc++.a(class_type_info.o)
                0x08004b88                __cxxabiv1::__class_type_info::~__class_type_info()
                0x08004b88                __cxxabiv1::__class_type_info::~__class_type_info()
 .text._ZN10__cxxabiv117__class_type_infoD0Ev
                0x08004b9c       0x1c d:/program files (x86)/clion_stm32/gcc-arm-none-eabi-9-2019-q4/bin/../lib/gcc/arm-none-eabi/9.2.1/../../../../arm-none-eabi/lib/thumb/v7e-m/nofp\libstdc++.a(class_type_info.o)
                0x08004b9c                __cxxabiv1::__class_type_info::~__class_type_info()
 .text._ZNK10__cxxabiv117__class_type_info12__do_dyncastEiNS0_10__sub_kindEPKS0_PKvS3_S5_RNS0_16__dyncast_resultE
                0x08004bb8       0x44 d:/program files (x86)/clion_stm32/gcc-arm-none-eabi-9-2019-q4/bin/../lib/gcc/arm-none-eabi/9.2.1/../../../../arm-none-eabi/lib/thumb/v7e-m/nofp\libstdc++.a(class_type_info.o)
                0x08004bb8                __cxxabiv1::__class_type_info::__do_dyncast(int, __cxxabiv1::__class_type_info::__sub_kind, __cxxabiv1::__class_type_info const*, void const*, __cxxabiv1::__class_type_info const*, void const*, __cxxabiv1::__class_type_info::__dyncast_result&) const
 .text._ZNK10__cxxabiv117__class_type_info11__do_upcastEPKS0_PKvRNS0_15__upcast_resultE
                0x08004bfc       0x1c d:/program files (x86)/clion_stm32/gcc-arm-none-eabi-9-2019-q4/bin/../lib/gcc/arm-none-eabi/9.2.1/../../../../arm-none-eabi/lib/thumb/v7e-m/nofp\libstdc++.a(class_type_info.o)
                0x08004bfc                __cxxabiv1::__class_type_info::__do_upcast(__cxxabiv1::__class_type_info const*, void const*, __cxxabiv1::__class_type_info::__upcast_result&) const
 .text._ZNK10__cxxabiv117__class_type_info10__do_catchEPKSt9type_infoPPvj
                0x08004c18       0x2c d:/program files (x86)/clion_stm32/gcc-arm-none-eabi-9-2019-q4/bin/../lib/gcc/arm-none-eabi/9.2.1/../../../../arm-none-eabi/lib/thumb/v7e-m/nofp\libstdc++.a(class_type_info.o)
                0x08004c18                __cxxabiv1::__class_type_info::__do_catch(std::type_info const*, void**, unsigned int) const
 .text._ZdlPvj  0x08004c44        0x4 d:/program files (x86)/clion_stm32/gcc-arm-none-eabi-9-2019-q4/bin/../lib/gcc/arm-none-eabi/9.2.1/../../../../arm-none-eabi/lib/thumb/v7e-m/nofp\libstdc++.a(del_ops.o)
                0x08004c44                operator delete(void*, unsigned int)
 .text._ZN10__cxxabiv120__si_class_type_infoD2Ev
                0x08004c48       0x14 d:/program files (x86)/clion_stm32/gcc-arm-none-eabi-9-2019-q4/bin/../lib/gcc/arm-none-eabi/9.2.1/../../../../arm-none-eabi/lib/thumb/v7e-m/nofp\libstdc++.a(si_class_type_info.o)
                0x08004c48                __cxxabiv1::__si_class_type_info::~__si_class_type_info()
                0x08004c48                __cxxabiv1::__si_class_type_info::~__si_class_type_info()
 .text._ZN10__cxxabiv120__si_class_type_infoD0Ev
                0x08004c5c       0x1c d:/program files (x86)/clion_stm32/gcc-arm-none-eabi-9-2019-q4/bin/../lib/gcc/arm-none-eabi/9.2.1/../../../../arm-none-eabi/lib/thumb/v7e-m/nofp\libstdc++.a(si_class_type_info.o)
                0x08004c5c                __cxxabiv1::__si_class_type_info::~__si_class_type_info()
 .text._ZNK10__cxxabiv120__si_class_type_info20__do_find_public_srcEiPKvPKNS_17__class_type_infoES2_
                0x08004c78       0x3c d:/program files (x86)/clion_stm32/gcc-arm-none-eabi-9-2019-q4/bin/../lib/gcc/arm-none-eabi/9.2.1/../../../../arm-none-eabi/lib/thumb/v7e-m/nofp\libstdc++.a(si_class_type_info.o)
                0x08004c78                __cxxabiv1::__si_class_type_info::__do_find_public_src(int, void const*, __cxxabiv1::__class_type_info const*, void const*) const
 .text._ZNK10__cxxabiv120__si_class_type_info12__do_dyncastEiNS_17__class_type_info10__sub_kindEPKS1_PKvS4_S6_RNS1_16__dyncast_resultE
                0x08004cb4       0x84 d:/program files (x86)/clion_stm32/gcc-arm-none-eabi-9-2019-q4/bin/../lib/gcc/arm-none-eabi/9.2.1/../../../../arm-none-eabi/lib/thumb/v7e-m/nofp\libstdc++.a(si_class_type_info.o)
                0x08004cb4                __cxxabiv1::__si_class_type_info::__do_dyncast(int, __cxxabiv1::__class_type_info::__sub_kind, __cxxabiv1::__class_type_info const*, void const*, __cxxabiv1::__class_type_info const*, void const*, __cxxabiv1::__class_type_info::__dyncast_result&) const
 .text._ZNK10__cxxabiv120__si_class_type_info11__do_upcastEPKNS_17__class_type_infoEPKvRNS1_15__upcast_resultE
                0x08004d38       0x2c d:/program files (x86)/clion_stm32/gcc-arm-none-eabi-9-2019-q4/bin/../lib/gcc/arm-none-eabi/9.2.1/../../../../arm-none-eabi/lib/thumb/v7e-m/nofp\libstdc++.a(si_class_type_info.o)
                0x08004d38                __cxxabiv1::__si_class_type_info::__do_upcast(__cxxabiv1::__class_type_info const*, void const*, __cxxabiv1::__class_type_info::__upcast_result&) const
 .text._ZNSt9type_infoD2Ev
                0x08004d64        0x4 d:/program files (x86)/clion_stm32/gcc-arm-none-eabi-9-2019-q4/bin/../lib/gcc/arm-none-eabi/9.2.1/../../../../arm-none-eabi/lib/thumb/v7e-m/nofp\libstdc++.a(tinfo.o)
                0x08004d64                std::type_info::~type_info()
                0x08004d64                std::type_info::~type_info()
 .text._ZNKSt9type_info14__is_pointer_pEv
                0x08004d68        0x4 d:/program files (x86)/clion_stm32/gcc-arm-none-eabi-9-2019-q4/bin/../lib/gcc/arm-none-eabi/9.2.1/../../../../arm-none-eabi/lib/thumb/v7e-m/nofp\libstdc++.a(tinfo.o)
                0x08004d68                std::type_info::__is_pointer_p() const
                0x08004d68                std::type_info::__is_function_p() const
 .text._ZNKSt9type_infoeqERKS_
                0x08004d6c       0x2c d:/program files (x86)/clion_stm32/gcc-arm-none-eabi-9-2019-q4/bin/../lib/gcc/arm-none-eabi/9.2.1/../../../../arm-none-eabi/lib/thumb/v7e-m/nofp\libstdc++.a(tinfo.o)
                0x08004d6c                std::type_info::operator==(std::type_info const&) const
 .text._ZdlPv   0x08004d98        0x4 d:/program files (x86)/clion_stm32/gcc-arm-none-eabi-9-2019-q4/bin/../lib/gcc/arm-none-eabi/9.2.1/../../../../arm-none-eabi/lib/thumb/v7e-m/nofp\libstdc++.a(del_op.o)
                0x08004d98                operator delete(void*)
 .text.abort    0x08004d9c       0x10 d:/program files (x86)/clion_stm32/gcc-arm-none-eabi-9-2019-q4/bin/../lib/gcc/arm-none-eabi/9.2.1/../../../../arm-none-eabi/lib/thumb/v7e-m/nofp\libg.a(lib_a-abort.o)
                0x08004d9c                abort
 .text.__errno  0x08004dac        0xc d:/program files (x86)/clion_stm32/gcc-arm-none-eabi-9-2019-q4/bin/../lib/gcc/arm-none-eabi/9.2.1/../../../../arm-none-eabi/lib/thumb/v7e-m/nofp\libg.a(lib_a-errno.o)
                0x08004dac                __errno
 .text.__libc_init_array
                0x08004db8       0x48 d:/program files (x86)/clion_stm32/gcc-arm-none-eabi-9-2019-q4/bin/../lib/gcc/arm-none-eabi/9.2.1/../../../../arm-none-eabi/lib/thumb/v7e-m/nofp\libg.a(lib_a-init.o)
                0x08004db8                __libc_init_array
 .text.malloc   0x08004e00       0x10 d:/program files (x86)/clion_stm32/gcc-arm-none-eabi-9-2019-q4/bin/../lib/gcc/arm-none-eabi/9.2.1/../../../../arm-none-eabi/lib/thumb/v7e-m/nofp\libg.a(lib_a-malloc.o)
                0x08004e00                malloc
 .text.free     0x08004e10       0x10 d:/program files (x86)/clion_stm32/gcc-arm-none-eabi-9-2019-q4/bin/../lib/gcc/arm-none-eabi/9.2.1/../../../../arm-none-eabi/lib/thumb/v7e-m/nofp\libg.a(lib_a-malloc.o)
                0x08004e10                free
 .text._malloc_r
                0x08004e20      0x574 d:/program files (x86)/clion_stm32/gcc-arm-none-eabi-9-2019-q4/bin/../lib/gcc/arm-none-eabi/9.2.1/../../../../arm-none-eabi/lib/thumb/v7e-m/nofp\libg.a(lib_a-mallocr.o)
                0x08004e20                _malloc_r
 .text.memset   0x08005394       0xa0 d:/program files (x86)/clion_stm32/gcc-arm-none-eabi-9-2019-q4/bin/../lib/gcc/arm-none-eabi/9.2.1/../../../../arm-none-eabi/lib/thumb/v7e-m/nofp\libg.a(lib_a-memset.o)
                0x08005394                memset
 .text.__malloc_lock
                0x08005434        0xc d:/program files (x86)/clion_stm32/gcc-arm-none-eabi-9-2019-q4/bin/../lib/gcc/arm-none-eabi/9.2.1/../../../../arm-none-eabi/lib/thumb/v7e-m/nofp\libg.a(lib_a-mlock.o)
                0x08005434                __malloc_lock
 .text.__malloc_unlock
                0x08005440        0xc d:/program files (x86)/clion_stm32/gcc-arm-none-eabi-9-2019-q4/bin/../lib/gcc/arm-none-eabi/9.2.1/../../../../arm-none-eabi/lib/thumb/v7e-m/nofp\libg.a(lib_a-mlock.o)
                0x08005440                __malloc_unlock
 .text.printf   0x0800544c       0x28 d:/program files (x86)/clion_stm32/gcc-arm-none-eabi-9-2019-q4/bin/../lib/gcc/arm-none-eabi/9.2.1/../../../../arm-none-eabi/lib/thumb/v7e-m/nofp\libg.a(lib_a-printf.o)
                0x0800544c                printf
 .text._puts_r  0x08005474       0x9c d:/program files (x86)/clion_stm32/gcc-arm-none-eabi-9-2019-q4/bin/../lib/gcc/arm-none-eabi/9.2.1/../../../../arm-none-eabi/lib/thumb/v7e-m/nofp\libg.a(lib_a-puts.o)
                0x08005474                _puts_r
 .text.puts     0x08005510       0x10 d:/program files (x86)/clion_stm32/gcc-arm-none-eabi-9-2019-q4/bin/../lib/gcc/arm-none-eabi/9.2.1/../../../../arm-none-eabi/lib/thumb/v7e-m/nofp\libg.a(lib_a-puts.o)
                0x08005510                puts
 .text._sbrk_r  0x08005520       0x24 d:/program files (x86)/clion_stm32/gcc-arm-none-eabi-9-2019-q4/bin/../lib/gcc/arm-none-eabi/9.2.1/../../../../arm-none-eabi/lib/thumb/v7e-m/nofp\libg.a(lib_a-sbrkr.o)
                0x08005520                _sbrk_r
 .text.setvbuf  0x08005544      0x1a0 d:/program files (x86)/clion_stm32/gcc-arm-none-eabi-9-2019-q4/bin/../lib/gcc/arm-none-eabi/9.2.1/../../../../arm-none-eabi/lib/thumb/v7e-m/nofp\libg.a(lib_a-setvbuf.o)
                0x08005544                setvbuf
 .text._raise_r
                0x080056e4       0x58 d:/program files (x86)/clion_stm32/gcc-arm-none-eabi-9-2019-q4/bin/../lib/gcc/arm-none-eabi/9.2.1/../../../../arm-none-eabi/lib/thumb/v7e-m/nofp\libg.a(lib_a-signal.o)
                0x080056e4                _raise_r
 .text.raise    0x0800573c       0x10 d:/program files (x86)/clion_stm32/gcc-arm-none-eabi-9-2019-q4/bin/../lib/gcc/arm-none-eabi/9.2.1/../../../../arm-none-eabi/lib/thumb/v7e-m/nofp\libg.a(lib_a-signal.o)
                0x0800573c                raise
 .text._kill_r  0x0800574c       0x2c d:/program files (x86)/clion_stm32/gcc-arm-none-eabi-9-2019-q4/bin/../lib/gcc/arm-none-eabi/9.2.1/../../../../arm-none-eabi/lib/thumb/v7e-m/nofp\libg.a(lib_a-signalr.o)
                0x0800574c                _kill_r
 .text._getpid_r
                0x08005778        0x4 d:/program files (x86)/clion_stm32/gcc-arm-none-eabi-9-2019-q4/bin/../lib/gcc/arm-none-eabi/9.2.1/../../../../arm-none-eabi/lib/thumb/v7e-m/nofp\libg.a(lib_a-signalr.o)
                0x08005778                _getpid_r
 .text.sscanf   0x0800577c       0x58 d:/program files (x86)/clion_stm32/gcc-arm-none-eabi-9-2019-q4/bin/../lib/gcc/arm-none-eabi/9.2.1/../../../../arm-none-eabi/lib/thumb/v7e-m/nofp\libg.a(lib_a-sscanf.o)
                0x0800577c                sscanf
 .text.__sread  0x080057d4       0x24 d:/program files (x86)/clion_stm32/gcc-arm-none-eabi-9-2019-q4/bin/../lib/gcc/arm-none-eabi/9.2.1/../../../../arm-none-eabi/lib/thumb/v7e-m/nofp\libg.a(lib_a-stdio.o)
                0x080057d4                __sread
 .text.__seofread
                0x080057f8        0x4 d:/program files (x86)/clion_stm32/gcc-arm-none-eabi-9-2019-q4/bin/../lib/gcc/arm-none-eabi/9.2.1/../../../../arm-none-eabi/lib/thumb/v7e-m/nofp\libg.a(lib_a-stdio.o)
                0x080057f8                __seofread
 .text.__swrite
                0x080057fc       0x40 d:/program files (x86)/clion_stm32/gcc-arm-none-eabi-9-2019-q4/bin/../lib/gcc/arm-none-eabi/9.2.1/../../../../arm-none-eabi/lib/thumb/v7e-m/nofp\libg.a(lib_a-stdio.o)
                0x080057fc                __swrite
 .text.__sseek  0x0800583c       0x20 d:/program files (x86)/clion_stm32/gcc-arm-none-eabi-9-2019-q4/bin/../lib/gcc/arm-none-eabi/9.2.1/../../../../arm-none-eabi/lib/thumb/v7e-m/nofp\libg.a(lib_a-stdio.o)
                0x0800583c                __sseek
 .text.__sclose
                0x0800585c        0x8 d:/program files (x86)/clion_stm32/gcc-arm-none-eabi-9-2019-q4/bin/../lib/gcc/arm-none-eabi/9.2.1/../../../../arm-none-eabi/lib/thumb/v7e-m/nofp\libg.a(lib_a-stdio.o)
                0x0800585c                __sclose
 .text.__ssvfscanf_r
                0x08005864     0x169c d:/program files (x86)/clion_stm32/gcc-arm-none-eabi-9-2019-q4/bin/../lib/gcc/arm-none-eabi/9.2.1/../../../../arm-none-eabi/lib/thumb/v7e-m/nofp\libg.a(lib_a-svfscanf.o)
                0x08005864                __ssvfscanf_r
 .text._vfprintf_r
                0x08006f00     0x1b84 d:/program files (x86)/clion_stm32/gcc-arm-none-eabi-9-2019-q4/bin/../lib/gcc/arm-none-eabi/9.2.1/../../../../arm-none-eabi/lib/thumb/v7e-m/nofp\libg.a(lib_a-vfprintf.o)
                0x08006f00                _vfprintf_r
 .text.__sbprintf
                0x08008a84       0x84 d:/program files (x86)/clion_stm32/gcc-arm-none-eabi-9-2019-q4/bin/../lib/gcc/arm-none-eabi/9.2.1/../../../../arm-none-eabi/lib/thumb/v7e-m/nofp\libg.a(lib_a-vfprintf.o)
 .text._write_r
                0x08008b08       0x2c d:/program files (x86)/clion_stm32/gcc-arm-none-eabi-9-2019-q4/bin/../lib/gcc/arm-none-eabi/9.2.1/../../../../arm-none-eabi/lib/thumb/v7e-m/nofp\libg.a(lib_a-writer.o)
                0x08008b08                _write_r
 .text.__swsetup_r
                0x08008b34       0xd0 d:/program files (x86)/clion_stm32/gcc-arm-none-eabi-9-2019-q4/bin/../lib/gcc/arm-none-eabi/9.2.1/../../../../arm-none-eabi/lib/thumb/v7e-m/nofp\libg.a(lib_a-wsetup.o)
                0x08008b34                __swsetup_r
 .text.startup.register_fini
                0x08008c04       0x14 d:/program files (x86)/clion_stm32/gcc-arm-none-eabi-9-2019-q4/bin/../lib/gcc/arm-none-eabi/9.2.1/../../../../arm-none-eabi/lib/thumb/v7e-m/nofp\libg.a(lib_a-__call_atexit.o)
 .text.atexit   0x08008c18        0xc d:/program files (x86)/clion_stm32/gcc-arm-none-eabi-9-2019-q4/bin/../lib/gcc/arm-none-eabi/9.2.1/../../../../arm-none-eabi/lib/thumb/v7e-m/nofp\libg.a(lib_a-atexit.o)
                0x08008c18                atexit
 .text._close_r
                0x08008c24       0x24 d:/program files (x86)/clion_stm32/gcc-arm-none-eabi-9-2019-q4/bin/../lib/gcc/arm-none-eabi/9.2.1/../../../../arm-none-eabi/lib/thumb/v7e-m/nofp\libg.a(lib_a-closer.o)
                0x08008c24                _close_r
 .text.quorem   0x08008c48      0x11c d:/program files (x86)/clion_stm32/gcc-arm-none-eabi-9-2019-q4/bin/../lib/gcc/arm-none-eabi/9.2.1/../../../../arm-none-eabi/lib/thumb/v7e-m/nofp\libg.a(lib_a-dtoa.o)
 *fill*         0x08008d64        0x4 
 .text._dtoa_r  0x08008d68      0xeb8 d:/program files (x86)/clion_stm32/gcc-arm-none-eabi-9-2019-q4/bin/../lib/gcc/arm-none-eabi/9.2.1/../../../../arm-none-eabi/lib/thumb/v7e-m/nofp\libg.a(lib_a-dtoa.o)
                0x08008d68                _dtoa_r
 .text.__sflush_r
                0x08009c20      0x130 d:/program files (x86)/clion_stm32/gcc-arm-none-eabi-9-2019-q4/bin/../lib/gcc/arm-none-eabi/9.2.1/../../../../arm-none-eabi/lib/thumb/v7e-m/nofp\libg.a(lib_a-fflush.o)
                0x08009c20                __sflush_r
 .text._fflush_r
                0x08009d50       0x5c d:/program files (x86)/clion_stm32/gcc-arm-none-eabi-9-2019-q4/bin/../lib/gcc/arm-none-eabi/9.2.1/../../../../arm-none-eabi/lib/thumb/v7e-m/nofp\libg.a(lib_a-fflush.o)
                0x08009d50                _fflush_r
 .text.std      0x08009dac       0x50 d:/program files (x86)/clion_stm32/gcc-arm-none-eabi-9-2019-q4/bin/../lib/gcc/arm-none-eabi/9.2.1/../../../../arm-none-eabi/lib/thumb/v7e-m/nofp\libg.a(lib_a-findfp.o)
 .text._cleanup_r
                0x08009dfc        0xc d:/program files (x86)/clion_stm32/gcc-arm-none-eabi-9-2019-q4/bin/../lib/gcc/arm-none-eabi/9.2.1/../../../../arm-none-eabi/lib/thumb/v7e-m/nofp\libg.a(lib_a-findfp.o)
                0x08009dfc                _cleanup_r
 .text.__sinit  0x08009e08       0x54 d:/program files (x86)/clion_stm32/gcc-arm-none-eabi-9-2019-q4/bin/../lib/gcc/arm-none-eabi/9.2.1/../../../../arm-none-eabi/lib/thumb/v7e-m/nofp\libg.a(lib_a-findfp.o)
                0x08009e08                __sinit
 .text.__sfp_lock_acquire
                0x08009e5c        0xc d:/program files (x86)/clion_stm32/gcc-arm-none-eabi-9-2019-q4/bin/../lib/gcc/arm-none-eabi/9.2.1/../../../../arm-none-eabi/lib/thumb/v7e-m/nofp\libg.a(lib_a-findfp.o)
                0x08009e5c                __sfp_lock_acquire
 .text.__sfp_lock_release
                0x08009e68        0xc d:/program files (x86)/clion_stm32/gcc-arm-none-eabi-9-2019-q4/bin/../lib/gcc/arm-none-eabi/9.2.1/../../../../arm-none-eabi/lib/thumb/v7e-m/nofp\libg.a(lib_a-findfp.o)
                0x08009e68                __sfp_lock_release
 .text.__libc_fini_array
                0x08009e74       0x2c d:/program files (x86)/clion_stm32/gcc-arm-none-eabi-9-2019-q4/bin/../lib/gcc/arm-none-eabi/9.2.1/../../../../arm-none-eabi/lib/thumb/v7e-m/nofp\libg.a(lib_a-fini.o)
                0x08009e74                __libc_fini_array
 .text._malloc_trim_r
                0x08009ea0       0xa0 d:/program files (x86)/clion_stm32/gcc-arm-none-eabi-9-2019-q4/bin/../lib/gcc/arm-none-eabi/9.2.1/../../../../arm-none-eabi/lib/thumb/v7e-m/nofp\libg.a(lib_a-freer.o)
                0x08009ea0                _malloc_trim_r
 .text._free_r  0x08009f40      0x208 d:/program files (x86)/clion_stm32/gcc-arm-none-eabi-9-2019-q4/bin/../lib/gcc/arm-none-eabi/9.2.1/../../../../arm-none-eabi/lib/thumb/v7e-m/nofp\libg.a(lib_a-freer.o)
                0x08009f40                _free_r
 .text.__sfvwrite_r
                0x0800a148      0x2e0 d:/program files (x86)/clion_stm32/gcc-arm-none-eabi-9-2019-q4/bin/../lib/gcc/arm-none-eabi/9.2.1/../../../../arm-none-eabi/lib/thumb/v7e-m/nofp\libg.a(lib_a-fvwrite.o)
                0x0800a148                __sfvwrite_r
 .text._fwalk_reent
                0x0800a428       0x48 d:/program files (x86)/clion_stm32/gcc-arm-none-eabi-9-2019-q4/bin/../lib/gcc/arm-none-eabi/9.2.1/../../../../arm-none-eabi/lib/thumb/v7e-m/nofp\libg.a(lib_a-fwalk.o)
                0x0800a428                _fwalk_reent
 .text.iswspace
                0x0800a470        0x8 d:/program files (x86)/clion_stm32/gcc-arm-none-eabi-9-2019-q4/bin/../lib/gcc/arm-none-eabi/9.2.1/../../../../arm-none-eabi/lib/thumb/v7e-m/nofp\libg.a(lib_a-iswspace.o)
                0x0800a470                iswspace
 .text.iswspace_l
                0x0800a478       0x14 d:/program files (x86)/clion_stm32/gcc-arm-none-eabi-9-2019-q4/bin/../lib/gcc/arm-none-eabi/9.2.1/../../../../arm-none-eabi/lib/thumb/v7e-m/nofp\libg.a(lib_a-iswspace_l.o)
                0x0800a478                iswspace_l
 .text.__locale_mb_cur_max
                0x0800a48c        0xc d:/program files (x86)/clion_stm32/gcc-arm-none-eabi-9-2019-q4/bin/../lib/gcc/arm-none-eabi/9.2.1/../../../../arm-none-eabi/lib/thumb/v7e-m/nofp\libg.a(lib_a-locale.o)
                0x0800a48c                __locale_mb_cur_max
 .text._localeconv_r
                0x0800a498        0x8 d:/program files (x86)/clion_stm32/gcc-arm-none-eabi-9-2019-q4/bin/../lib/gcc/arm-none-eabi/9.2.1/../../../../arm-none-eabi/lib/thumb/v7e-m/nofp\libg.a(lib_a-localeconv.o)
                0x0800a498                _localeconv_r
 .text.__retarget_lock_init_recursive
                0x0800a4a0        0x4 d:/program files (x86)/clion_stm32/gcc-arm-none-eabi-9-2019-q4/bin/../lib/gcc/arm-none-eabi/9.2.1/../../../../arm-none-eabi/lib/thumb/v7e-m/nofp\libg.a(lib_a-lock.o)
                0x0800a4a0                __retarget_lock_init_recursive
 .text.__retarget_lock_close_recursive
                0x0800a4a4        0x4 d:/program files (x86)/clion_stm32/gcc-arm-none-eabi-9-2019-q4/bin/../lib/gcc/arm-none-eabi/9.2.1/../../../../arm-none-eabi/lib/thumb/v7e-m/nofp\libg.a(lib_a-lock.o)
                0x0800a4a4                __retarget_lock_close_recursive
 .text.__retarget_lock_acquire_recursive
                0x0800a4a8        0x4 d:/program files (x86)/clion_stm32/gcc-arm-none-eabi-9-2019-q4/bin/../lib/gcc/arm-none-eabi/9.2.1/../../../../arm-none-eabi/lib/thumb/v7e-m/nofp\libg.a(lib_a-lock.o)
                0x0800a4a8                __retarget_lock_acquire_recursive
 .text.__retarget_lock_release_recursive
                0x0800a4ac        0x4 d:/program files (x86)/clion_stm32/gcc-arm-none-eabi-9-2019-q4/bin/../lib/gcc/arm-none-eabi/9.2.1/../../../../arm-none-eabi/lib/thumb/v7e-m/nofp\libg.a(lib_a-lock.o)
                0x0800a4ac                __retarget_lock_release_recursive
 .text._lseek_r
                0x0800a4b0       0x2c d:/program files (x86)/clion_stm32/gcc-arm-none-eabi-9-2019-q4/bin/../lib/gcc/arm-none-eabi/9.2.1/../../../../arm-none-eabi/lib/thumb/v7e-m/nofp\libg.a(lib_a-lseekr.o)
                0x0800a4b0                _lseek_r
 .text.__swhatbuf_r
                0x0800a4dc       0x5c d:/program files (x86)/clion_stm32/gcc-arm-none-eabi-9-2019-q4/bin/../lib/gcc/arm-none-eabi/9.2.1/../../../../arm-none-eabi/lib/thumb/v7e-m/nofp\libg.a(lib_a-makebuf.o)
                0x0800a4dc                __swhatbuf_r
 .text.__smakebuf_r
                0x0800a538       0x98 d:/program files (x86)/clion_stm32/gcc-arm-none-eabi-9-2019-q4/bin/../lib/gcc/arm-none-eabi/9.2.1/../../../../arm-none-eabi/lib/thumb/v7e-m/nofp\libg.a(lib_a-makebuf.o)
                0x0800a538                __smakebuf_r
 .text._mbrtowc_r
                0x0800a5d0       0x44 d:/program files (x86)/clion_stm32/gcc-arm-none-eabi-9-2019-q4/bin/../lib/gcc/arm-none-eabi/9.2.1/../../../../arm-none-eabi/lib/thumb/v7e-m/nofp\libg.a(lib_a-mbrtowc.o)
                0x0800a5d0                _mbrtowc_r
 .text.__ascii_mbtowc
                0x0800a614       0x2c d:/program files (x86)/clion_stm32/gcc-arm-none-eabi-9-2019-q4/bin/../lib/gcc/arm-none-eabi/9.2.1/../../../../arm-none-eabi/lib/thumb/v7e-m/nofp\libg.a(lib_a-mbtowc_r.o)
                0x0800a614                __ascii_mbtowc
 .text.memmove  0x0800a640       0xd8 d:/program files (x86)/clion_stm32/gcc-arm-none-eabi-9-2019-q4/bin/../lib/gcc/arm-none-eabi/9.2.1/../../../../arm-none-eabi/lib/thumb/v7e-m/nofp\libg.a(lib_a-memmove.o)
                0x0800a640                memmove
 .text._Balloc  0x0800a718       0x4c d:/program files (x86)/clion_stm32/gcc-arm-none-eabi-9-2019-q4/bin/../lib/gcc/arm-none-eabi/9.2.1/../../../../arm-none-eabi/lib/thumb/v7e-m/nofp\libg.a(lib_a-mprec.o)
                0x0800a718                _Balloc
 .text._Bfree   0x0800a764       0x14 d:/program files (x86)/clion_stm32/gcc-arm-none-eabi-9-2019-q4/bin/../lib/gcc/arm-none-eabi/9.2.1/../../../../arm-none-eabi/lib/thumb/v7e-m/nofp\libg.a(lib_a-mprec.o)
                0x0800a764                _Bfree
 .text.__multadd
                0x0800a778       0x80 d:/program files (x86)/clion_stm32/gcc-arm-none-eabi-9-2019-q4/bin/../lib/gcc/arm-none-eabi/9.2.1/../../../../arm-none-eabi/lib/thumb/v7e-m/nofp\libg.a(lib_a-mprec.o)
                0x0800a778                __multadd
 .text.__s2b    0x0800a7f8       0xa0 d:/program files (x86)/clion_stm32/gcc-arm-none-eabi-9-2019-q4/bin/../lib/gcc/arm-none-eabi/9.2.1/../../../../arm-none-eabi/lib/thumb/v7e-m/nofp\libg.a(lib_a-mprec.o)
                0x0800a7f8                __s2b
 .text.__hi0bits
                0x0800a898       0x40 d:/program files (x86)/clion_stm32/gcc-arm-none-eabi-9-2019-q4/bin/../lib/gcc/arm-none-eabi/9.2.1/../../../../arm-none-eabi/lib/thumb/v7e-m/nofp\libg.a(lib_a-mprec.o)
                0x0800a898                __hi0bits
 .text.__lo0bits
                0x0800a8d8       0x60 d:/program files (x86)/clion_stm32/gcc-arm-none-eabi-9-2019-q4/bin/../lib/gcc/arm-none-eabi/9.2.1/../../../../arm-none-eabi/lib/thumb/v7e-m/nofp\libg.a(lib_a-mprec.o)
                0x0800a8d8                __lo0bits
 .text.__i2b    0x0800a938       0x14 d:/program files (x86)/clion_stm32/gcc-arm-none-eabi-9-2019-q4/bin/../lib/gcc/arm-none-eabi/9.2.1/../../../../arm-none-eabi/lib/thumb/v7e-m/nofp\libg.a(lib_a-mprec.o)
                0x0800a938                __i2b
 .text.__multiply
                0x0800a94c      0x144 d:/program files (x86)/clion_stm32/gcc-arm-none-eabi-9-2019-q4/bin/../lib/gcc/arm-none-eabi/9.2.1/../../../../arm-none-eabi/lib/thumb/v7e-m/nofp\libg.a(lib_a-mprec.o)
                0x0800a94c                __multiply
 .text.__pow5mult
                0x0800aa90       0xa0 d:/program files (x86)/clion_stm32/gcc-arm-none-eabi-9-2019-q4/bin/../lib/gcc/arm-none-eabi/9.2.1/../../../../arm-none-eabi/lib/thumb/v7e-m/nofp\libg.a(lib_a-mprec.o)
                0x0800aa90                __pow5mult
 .text.__lshift
                0x0800ab30       0xd4 d:/program files (x86)/clion_stm32/gcc-arm-none-eabi-9-2019-q4/bin/../lib/gcc/arm-none-eabi/9.2.1/../../../../arm-none-eabi/lib/thumb/v7e-m/nofp\libg.a(lib_a-mprec.o)
                0x0800ab30                __lshift
 .text.__mcmp   0x0800ac04       0x3c d:/program files (x86)/clion_stm32/gcc-arm-none-eabi-9-2019-q4/bin/../lib/gcc/arm-none-eabi/9.2.1/../../../../arm-none-eabi/lib/thumb/v7e-m/nofp\libg.a(lib_a-mprec.o)
                0x0800ac04                __mcmp
 .text.__mdiff  0x0800ac40      0x138 d:/program files (x86)/clion_stm32/gcc-arm-none-eabi-9-2019-q4/bin/../lib/gcc/arm-none-eabi/9.2.1/../../../../arm-none-eabi/lib/thumb/v7e-m/nofp\libg.a(lib_a-mprec.o)
                0x0800ac40                __mdiff
 .text.__ulp    0x0800ad78       0x44 d:/program files (x86)/clion_stm32/gcc-arm-none-eabi-9-2019-q4/bin/../lib/gcc/arm-none-eabi/9.2.1/../../../../arm-none-eabi/lib/thumb/v7e-m/nofp\libg.a(lib_a-mprec.o)
                0x0800ad78                __ulp
 .text.__b2d    0x0800adbc       0xcc d:/program files (x86)/clion_stm32/gcc-arm-none-eabi-9-2019-q4/bin/../lib/gcc/arm-none-eabi/9.2.1/../../../../arm-none-eabi/lib/thumb/v7e-m/nofp\libg.a(lib_a-mprec.o)
                0x0800adbc                __b2d
 .text.__d2b    0x0800ae88       0xa8 d:/program files (x86)/clion_stm32/gcc-arm-none-eabi-9-2019-q4/bin/../lib/gcc/arm-none-eabi/9.2.1/../../../../arm-none-eabi/lib/thumb/v7e-m/nofp\libg.a(lib_a-mprec.o)
                0x0800ae88                __d2b
 .text.__ratio  0x0800af30       0x60 d:/program files (x86)/clion_stm32/gcc-arm-none-eabi-9-2019-q4/bin/../lib/gcc/arm-none-eabi/9.2.1/../../../../arm-none-eabi/lib/thumb/v7e-m/nofp\libg.a(lib_a-mprec.o)
                0x0800af30                __ratio
 .text.__copybits
                0x0800af90       0x48 d:/program files (x86)/clion_stm32/gcc-arm-none-eabi-9-2019-q4/bin/../lib/gcc/arm-none-eabi/9.2.1/../../../../arm-none-eabi/lib/thumb/v7e-m/nofp\libg.a(lib_a-mprec.o)
                0x0800af90                __copybits
 .text.__any_on
                0x0800afd8       0x60 d:/program files (x86)/clion_stm32/gcc-arm-none-eabi-9-2019-q4/bin/../lib/gcc/arm-none-eabi/9.2.1/../../../../arm-none-eabi/lib/thumb/v7e-m/nofp\libg.a(lib_a-mprec.o)
                0x0800afd8                __any_on
 .text._read_r  0x0800b038       0x2c d:/program files (x86)/clion_stm32/gcc-arm-none-eabi-9-2019-q4/bin/../lib/gcc/arm-none-eabi/9.2.1/../../../../arm-none-eabi/lib/thumb/v7e-m/nofp\libg.a(lib_a-readr.o)
                0x0800b038                _read_r
 .text.realloc  0x0800b064       0x10 d:/program files (x86)/clion_stm32/gcc-arm-none-eabi-9-2019-q4/bin/../lib/gcc/arm-none-eabi/9.2.1/../../../../arm-none-eabi/lib/thumb/v7e-m/nofp\libg.a(lib_a-realloc.o)
                0x0800b064                realloc
 .text._realloc_r
                0x0800b074      0x3e0 d:/program files (x86)/clion_stm32/gcc-arm-none-eabi-9-2019-q4/bin/../lib/gcc/arm-none-eabi/9.2.1/../../../../arm-none-eabi/lib/thumb/v7e-m/nofp\libg.a(lib_a-reallocr.o)
                0x0800b074                _realloc_r
 .text.frexp    0x0800b454       0x70 d:/program files (x86)/clion_stm32/gcc-arm-none-eabi-9-2019-q4/bin/../lib/gcc/arm-none-eabi/9.2.1/../../../../arm-none-eabi/lib/thumb/v7e-m/nofp\libg.a(lib_a-s_frexp.o)
                0x0800b454                frexp
 .text.__sccl   0x0800b4c4       0x88 d:/program files (x86)/clion_stm32/gcc-arm-none-eabi-9-2019-q4/bin/../lib/gcc/arm-none-eabi/9.2.1/../../../../arm-none-eabi/lib/thumb/v7e-m/nofp\libg.a(lib_a-sccl.o)
                0x0800b4c4                __sccl
 .text.nanf     0x0800b54c        0x8 d:/program files (x86)/clion_stm32/gcc-arm-none-eabi-9-2019-q4/bin/../lib/gcc/arm-none-eabi/9.2.1/../../../../arm-none-eabi/lib/thumb/v7e-m/nofp\libg.a(lib_a-sf_nan.o)
                0x0800b54c                nanf
 .text.sprintf  0x0800b554       0x44 d:/program files (x86)/clion_stm32/gcc-arm-none-eabi-9-2019-q4/bin/../lib/gcc/arm-none-eabi/9.2.1/../../../../arm-none-eabi/lib/thumb/v7e-m/nofp\libg.a(lib_a-sprintf.o)
                0x0800b554                sprintf
 .text.strncpy  0x0800b598       0x68 d:/program files (x86)/clion_stm32/gcc-arm-none-eabi-9-2019-q4/bin/../lib/gcc/arm-none-eabi/9.2.1/../../../../arm-none-eabi/lib/thumb/v7e-m/nofp\libg.a(lib_a-strncpy.o)
                0x0800b598                strncpy
 .text.sulp     0x0800b600       0x44 d:/program files (x86)/clion_stm32/gcc-arm-none-eabi-9-2019-q4/bin/../lib/gcc/arm-none-eabi/9.2.1/../../../../arm-none-eabi/lib/thumb/v7e-m/nofp\libg.a(lib_a-strtod.o)
 *fill*         0x0800b644        0x4 
 .text._strtod_l
                0x0800b648      0xf34 d:/program files (x86)/clion_stm32/gcc-arm-none-eabi-9-2019-q4/bin/../lib/gcc/arm-none-eabi/9.2.1/../../../../arm-none-eabi/lib/thumb/v7e-m/nofp\libg.a(lib_a-strtod.o)
                0x0800b648                _strtod_l
 .text._strtod_r
                0x0800c57c        0xc d:/program files (x86)/clion_stm32/gcc-arm-none-eabi-9-2019-q4/bin/../lib/gcc/arm-none-eabi/9.2.1/../../../../arm-none-eabi/lib/thumb/v7e-m/nofp\libg.a(lib_a-strtod.o)
                0x0800c57c                _strtod_r
 .text._strtol_l.isra.0
                0x0800c588      0x10c d:/program files (x86)/clion_stm32/gcc-arm-none-eabi-9-2019-q4/bin/../lib/gcc/arm-none-eabi/9.2.1/../../../../arm-none-eabi/lib/thumb/v7e-m/nofp\libg.a(lib_a-strtol.o)
 .text._strtol_r
                0x0800c694        0x4 d:/program files (x86)/clion_stm32/gcc-arm-none-eabi-9-2019-q4/bin/../lib/gcc/arm-none-eabi/9.2.1/../../../../arm-none-eabi/lib/thumb/v7e-m/nofp\libg.a(lib_a-strtol.o)
                0x0800c694                _strtol_r
 .text._strtoll_l.isra.0
                0x0800c698      0x17c d:/program files (x86)/clion_stm32/gcc-arm-none-eabi-9-2019-q4/bin/../lib/gcc/arm-none-eabi/9.2.1/../../../../arm-none-eabi/lib/thumb/v7e-m/nofp\libg.a(lib_a-strtoll.o)
 .text._strtoll_r
                0x0800c814        0x4 d:/program files (x86)/clion_stm32/gcc-arm-none-eabi-9-2019-q4/bin/../lib/gcc/arm-none-eabi/9.2.1/../../../../arm-none-eabi/lib/thumb/v7e-m/nofp\libg.a(lib_a-strtoll.o)
                0x0800c814                _strtoll_r
 .text._strtoul_l.isra.0
                0x0800c818      0x13c d:/program files (x86)/clion_stm32/gcc-arm-none-eabi-9-2019-q4/bin/../lib/gcc/arm-none-eabi/9.2.1/../../../../arm-none-eabi/lib/thumb/v7e-m/nofp\libg.a(lib_a-strtoul.o)
 .text._strtoul_r
                0x0800c954        0x4 d:/program files (x86)/clion_stm32/gcc-arm-none-eabi-9-2019-q4/bin/../lib/gcc/arm-none-eabi/9.2.1/../../../../arm-none-eabi/lib/thumb/v7e-m/nofp\libg.a(lib_a-strtoul.o)
                0x0800c954                _strtoul_r
 .text._strtoull_l.isra.0
                0x0800c958      0x1b8 d:/program files (x86)/clion_stm32/gcc-arm-none-eabi-9-2019-q4/bin/../lib/gcc/arm-none-eabi/9.2.1/../../../../arm-none-eabi/lib/thumb/v7e-m/nofp\libg.a(lib_a-strtoull.o)
 .text._strtoull_r
                0x0800cb10        0x4 d:/program files (x86)/clion_stm32/gcc-arm-none-eabi-9-2019-q4/bin/../lib/gcc/arm-none-eabi/9.2.1/../../../../arm-none-eabi/lib/thumb/v7e-m/nofp\libg.a(lib_a-strtoull.o)
                0x0800cb10                _strtoull_r
 .text._sungetc_r
                0x0800cb14       0x80 d:/program files (x86)/clion_stm32/gcc-arm-none-eabi-9-2019-q4/bin/../lib/gcc/arm-none-eabi/9.2.1/../../../../arm-none-eabi/lib/thumb/v7e-m/nofp\libg.a(lib_a-svfiscanf.o)
                0x0800cb14                _sungetc_r
 .text.__ssrefill_r
                0x0800cb94       0x3c d:/program files (x86)/clion_stm32/gcc-arm-none-eabi-9-2019-q4/bin/../lib/gcc/arm-none-eabi/9.2.1/../../../../arm-none-eabi/lib/thumb/v7e-m/nofp\libg.a(lib_a-svfiscanf.o)
                0x0800cb94                __ssrefill_r
 .text._sfread_r
                0x0800cbd0       0x7c d:/program files (x86)/clion_stm32/gcc-arm-none-eabi-9-2019-q4/bin/../lib/gcc/arm-none-eabi/9.2.1/../../../../arm-none-eabi/lib/thumb/v7e-m/nofp\libg.a(lib_a-svfiscanf.o)
                0x0800cbd0                _sfread_r
 .text._svfprintf_r
                0x0800cc4c     0x1acc d:/program files (x86)/clion_stm32/gcc-arm-none-eabi-9-2019-q4/bin/../lib/gcc/arm-none-eabi/9.2.1/../../../../arm-none-eabi/lib/thumb/v7e-m/nofp\libg.a(lib_a-svfprintf.o)
                0x0800cc4c                _svfprintf_r
 .text.__submore
                0x0800e718       0x78 d:/program files (x86)/clion_stm32/gcc-arm-none-eabi-9-2019-q4/bin/../lib/gcc/arm-none-eabi/9.2.1/../../../../arm-none-eabi/lib/thumb/v7e-m/nofp\libg.a(lib_a-ungetc.o)
                0x0800e718                __submore
 .text.__sprint_r.part.0
                0x0800e790       0x78 d:/program files (x86)/clion_stm32/gcc-arm-none-eabi-9-2019-q4/bin/../lib/gcc/arm-none-eabi/9.2.1/../../../../arm-none-eabi/lib/thumb/v7e-m/nofp\libg.a(lib_a-vfiprintf.o)
 .text.__sprint_r
                0x0800e808       0x14 d:/program files (x86)/clion_stm32/gcc-arm-none-eabi-9-2019-q4/bin/../lib/gcc/arm-none-eabi/9.2.1/../../../../arm-none-eabi/lib/thumb/v7e-m/nofp\libg.a(lib_a-vfiprintf.o)
                0x0800e808                __sprint_r
 .text.__ascii_wctomb
                0x0800e81c       0x1c d:/program files (x86)/clion_stm32/gcc-arm-none-eabi-9-2019-q4/bin/../lib/gcc/arm-none-eabi/9.2.1/../../../../arm-none-eabi/lib/thumb/v7e-m/nofp\libg.a(lib_a-wctomb_r.o)
                0x0800e81c                __ascii_wctomb
 .text.__register_exitproc
                0x0800e838       0x8c d:/program files (x86)/clion_stm32/gcc-arm-none-eabi-9-2019-q4/bin/../lib/gcc/arm-none-eabi/9.2.1/../../../../arm-none-eabi/lib/thumb/v7e-m/nofp\libg.a(lib_a-__atexit.o)
                0x0800e838                __register_exitproc
 .text._calloc_r
                0x0800e8c4       0x60 d:/program files (x86)/clion_stm32/gcc-arm-none-eabi-9-2019-q4/bin/../lib/gcc/arm-none-eabi/9.2.1/../../../../arm-none-eabi/lib/thumb/v7e-m/nofp\libg.a(lib_a-callocr.o)
                0x0800e8c4                _calloc_r
 .text._fclose_r
                0x0800e924       0xcc d:/program files (x86)/clion_stm32/gcc-arm-none-eabi-9-2019-q4/bin/../lib/gcc/arm-none-eabi/9.2.1/../../../../arm-none-eabi/lib/thumb/v7e-m/nofp\libg.a(lib_a-fclose.o)
                0x0800e924                _fclose_r
 .text.__fputwc
                0x0800e9f0       0xa8 d:/program files (x86)/clion_stm32/gcc-arm-none-eabi-9-2019-q4/bin/../lib/gcc/arm-none-eabi/9.2.1/../../../../arm-none-eabi/lib/thumb/v7e-m/nofp\libg.a(lib_a-fputwc.o)
                0x0800e9f0                __fputwc
 .text._fputwc_r
                0x0800ea98       0x68 d:/program files (x86)/clion_stm32/gcc-arm-none-eabi-9-2019-q4/bin/../lib/gcc/arm-none-eabi/9.2.1/../../../../arm-none-eabi/lib/thumb/v7e-m/nofp\libg.a(lib_a-fputwc.o)
                0x0800ea98                _fputwc_r
 .text._fstat_r
                0x0800eb00       0x2c d:/program files (x86)/clion_stm32/gcc-arm-none-eabi-9-2019-q4/bin/../lib/gcc/arm-none-eabi/9.2.1/../../../../arm-none-eabi/lib/thumb/v7e-m/nofp\libg.a(lib_a-fstatr.o)
                0x0800eb00                _fstat_r
 .text.rshift   0x0800eb2c       0xa4 d:/program files (x86)/clion_stm32/gcc-arm-none-eabi-9-2019-q4/bin/../lib/gcc/arm-none-eabi/9.2.1/../../../../arm-none-eabi/lib/thumb/v7e-m/nofp\libg.a(lib_a-gdtoa-gethex.o)
 .text.__gethex
                0x0800ebd0      0x520 d:/program files (x86)/clion_stm32/gcc-arm-none-eabi-9-2019-q4/bin/../lib/gcc/arm-none-eabi/9.2.1/../../../../arm-none-eabi/lib/thumb/v7e-m/nofp\libg.a(lib_a-gdtoa-gethex.o)
                0x0800ebd0                __gethex
 .text.__match  0x0800f0f0       0x30 d:/program files (x86)/clion_stm32/gcc-arm-none-eabi-9-2019-q4/bin/../lib/gcc/arm-none-eabi/9.2.1/../../../../arm-none-eabi/lib/thumb/v7e-m/nofp\libg.a(lib_a-gdtoa-hexnan.o)
                0x0800f0f0                __match
 .text.__hexnan
                0x0800f120      0x1a4 d:/program files (x86)/clion_stm32/gcc-arm-none-eabi-9-2019-q4/bin/../lib/gcc/arm-none-eabi/9.2.1/../../../../arm-none-eabi/lib/thumb/v7e-m/nofp\libg.a(lib_a-gdtoa-hexnan.o)
                0x0800f120                __hexnan
 .text._isatty_r
                0x0800f2c4       0x24 d:/program files (x86)/clion_stm32/gcc-arm-none-eabi-9-2019-q4/bin/../lib/gcc/arm-none-eabi/9.2.1/../../../../arm-none-eabi/lib/thumb/v7e-m/nofp\libg.a(lib_a-isattyr.o)
                0x0800f2c4                _isatty_r
 .text.nan      0x0800f2e8        0xc d:/program files (x86)/clion_stm32/gcc-arm-none-eabi-9-2019-q4/bin/../lib/gcc/arm-none-eabi/9.2.1/../../../../arm-none-eabi/lib/thumb/v7e-m/nofp\libg.a(lib_a-s_nan.o)
                0x0800f2e8                nan
 .text.strncmp  0x0800f2f4       0x7c d:/program files (x86)/clion_stm32/gcc-arm-none-eabi-9-2019-q4/bin/../lib/gcc/arm-none-eabi/9.2.1/../../../../arm-none-eabi/lib/thumb/v7e-m/nofp\libg.a(lib_a-strncmp.o)
                0x0800f2f4                strncmp
 .text.__ssprint_r
                0x0800f370       0xf8 d:/program files (x86)/clion_stm32/gcc-arm-none-eabi-9-2019-q4/bin/../lib/gcc/arm-none-eabi/9.2.1/../../../../arm-none-eabi/lib/thumb/v7e-m/nofp\libg.a(lib_a-svfiprintf.o)
                0x0800f370                __ssprint_r
 .text.__swbuf_r
                0x0800f468       0xb0 d:/program files (x86)/clion_stm32/gcc-arm-none-eabi-9-2019-q4/bin/../lib/gcc/arm-none-eabi/9.2.1/../../../../arm-none-eabi/lib/thumb/v7e-m/nofp\libg.a(lib_a-wbuf.o)
                0x0800f468                __swbuf_r
 .text._wcrtomb_r
                0x0800f518       0x3c d:/program files (x86)/clion_stm32/gcc-arm-none-eabi-9-2019-q4/bin/../lib/gcc/arm-none-eabi/9.2.1/../../../../arm-none-eabi/lib/thumb/v7e-m/nofp\libg.a(lib_a-wcrtomb.o)
                0x0800f518                _wcrtomb_r
 *(.glue_7)
 .glue_7        0x0800f554        0x0 linker stubs
 *(.glue_7t)
 .glue_7t       0x0800f554        0x0 linker stubs
 *(.eh_frame)
 .eh_frame      0x0800f554        0x0 d:/program files (x86)/clion_stm32/gcc-arm-none-eabi-9-2019-q4/bin/../lib/gcc/arm-none-eabi/9.2.1/thumb/v7e-m/nofp/crtbegin.o
 *(.init)
 .init          0x0800f554        0x4 d:/program files (x86)/clion_stm32/gcc-arm-none-eabi-9-2019-q4/bin/../lib/gcc/arm-none-eabi/9.2.1/thumb/v7e-m/nofp/crti.o
                0x0800f554                _init
 .init          0x0800f558        0x8 d:/program files (x86)/clion_stm32/gcc-arm-none-eabi-9-2019-q4/bin/../lib/gcc/arm-none-eabi/9.2.1/thumb/v7e-m/nofp/crtn.o
 *(.fini)
 .fini          0x0800f560        0x4 d:/program files (x86)/clion_stm32/gcc-arm-none-eabi-9-2019-q4/bin/../lib/gcc/arm-none-eabi/9.2.1/thumb/v7e-m/nofp/crti.o
                0x0800f560                _fini
 .fini          0x0800f564        0x8 d:/program files (x86)/clion_stm32/gcc-arm-none-eabi-9-2019-q4/bin/../lib/gcc/arm-none-eabi/9.2.1/thumb/v7e-m/nofp/crtn.o
                0x0800f56c                . = ALIGN (0x4)
                0x0800f56c                _etext = .

.vfp11_veneer   0x0800f56c        0x0
 .vfp11_veneer  0x0800f56c        0x0 linker stubs

.v4_bx          0x0800f56c        0x0
 .v4_bx         0x0800f56c        0x0 linker stubs

.iplt           0x0800f56c        0x0
 .iplt          0x0800f56c        0x0 d:/program files (x86)/clion_stm32/gcc-arm-none-eabi-9-2019-q4/bin/../lib/gcc/arm-none-eabi/9.2.1/thumb/v7e-m/nofp/crtbegin.o

.rodata         0x0800f570      0x6a4
                0x0800f570                . = ALIGN (0x4)
 *(.rodata)
 *(.rodata*)
 .rodata.AHBPrescTable
                0x0800f570       0x10 CMakeFiles/F405_Demo.elf.dir/Core/Src/system_stm32f4xx.c.obj
                0x0800f570                AHBPrescTable
 .rodata.APBPrescTable
                0x0800f580        0x8 CMakeFiles/F405_Demo.elf.dir/Core/Src/system_stm32f4xx.c.obj
                0x0800f580                APBPrescTable
 .rodata.flagBitshiftOffset.6862
                0x0800f588        0x8 CMakeFiles/F405_Demo.elf.dir/Drivers/STM32F4xx_HAL_Driver/Src/stm32f4xx_hal_dma.c.obj
 .rodata._ZTS10ButtonBase
                0x0800f590        0xd CMakeFiles/F405_Demo.elf.dir/Port/button_stm32.cpp.obj
                0x0800f590                typeinfo name for ButtonBase
 *fill*         0x0800f59d        0x3 
 .rodata._ZTI10ButtonBase
                0x0800f5a0        0x8 CMakeFiles/F405_Demo.elf.dir/Port/button_stm32.cpp.obj
                0x0800f5a0                typeinfo for ButtonBase
 .rodata._ZTI6Button
                0x0800f5a8        0xc CMakeFiles/F405_Demo.elf.dir/Port/button_stm32.cpp.obj
                0x0800f5a8                typeinfo for Button
 .rodata._ZTS6Button
                0x0800f5b4        0x8 CMakeFiles/F405_Demo.elf.dir/Port/button_stm32.cpp.obj
                0x0800f5b4                typeinfo name for Button
 .rodata._ZTV6Button
                0x0800f5bc        0xc CMakeFiles/F405_Demo.elf.dir/Port/button_stm32.cpp.obj
                0x0800f5bc                vtable for Button
 .rodata._ZTS7LedBase
                0x0800f5c8        0x9 CMakeFiles/F405_Demo.elf.dir/Port/led_stm32.cpp.obj
                0x0800f5c8                typeinfo name for LedBase
 *fill*         0x0800f5d1        0x3 
 .rodata._ZTI7LedBase
                0x0800f5d4        0x8 CMakeFiles/F405_Demo.elf.dir/Port/led_stm32.cpp.obj
                0x0800f5d4                typeinfo for LedBase
 .rodata._ZTI3Led
                0x0800f5dc        0xc CMakeFiles/F405_Demo.elf.dir/Port/led_stm32.cpp.obj
                0x0800f5dc                typeinfo for Led
 .rodata._ZTS3Led
                0x0800f5e8        0x5 CMakeFiles/F405_Demo.elf.dir/Port/led_stm32.cpp.obj
                0x0800f5e8                typeinfo name for Led
 *fill*         0x0800f5ed        0x3 
 .rodata._ZTV3Led
                0x0800f5f0        0xc CMakeFiles/F405_Demo.elf.dir/Port/led_stm32.cpp.obj
                0x0800f5f0                vtable for Led
 .rodata.OnUartCmd.str1.4
                0x0800f5fc       0xcb CMakeFiles/F405_Demo.elf.dir/UserApp/Protocols/interface_uart.cpp.obj
 *fill*         0x0800f6c7        0x1 
 .rodata._Z14OnButton1EventN10ButtonBase5EventE.str1.4
                0x0800f6c8       0x23 CMakeFiles/F405_Demo.elf.dir/UserApp/main.cpp.obj
 *fill*         0x0800f6eb        0x1 
 .rodata.Main.str1.4
                0x0800f6ec        0xf CMakeFiles/F405_Demo.elf.dir/UserApp/main.cpp.obj
 *fill*         0x0800f6fb        0x1 
 .rodata._ZTIN10__cxxabiv117__class_type_infoE
                0x0800f6fc        0xc d:/program files (x86)/clion_stm32/gcc-arm-none-eabi-9-2019-q4/bin/../lib/gcc/arm-none-eabi/9.2.1/../../../../arm-none-eabi/lib/thumb/v7e-m/nofp\libstdc++.a(class_type_info.o)
                0x0800f6fc                typeinfo for __cxxabiv1::__class_type_info
 .rodata._ZTSN10__cxxabiv117__class_type_infoE
                0x0800f708       0x22 d:/program files (x86)/clion_stm32/gcc-arm-none-eabi-9-2019-q4/bin/../lib/gcc/arm-none-eabi/9.2.1/../../../../arm-none-eabi/lib/thumb/v7e-m/nofp\libstdc++.a(class_type_info.o)
                0x0800f708                typeinfo name for __cxxabiv1::__class_type_info
 *fill*         0x0800f72a        0x2 
 .rodata._ZTVN10__cxxabiv117__class_type_infoE
                0x0800f72c       0x2c d:/program files (x86)/clion_stm32/gcc-arm-none-eabi-9-2019-q4/bin/../lib/gcc/arm-none-eabi/9.2.1/../../../../arm-none-eabi/lib/thumb/v7e-m/nofp\libstdc++.a(class_type_info.o)
                0x0800f72c                vtable for __cxxabiv1::__class_type_info
 .rodata._ZTIN10__cxxabiv120__si_class_type_infoE
                0x0800f758        0xc d:/program files (x86)/clion_stm32/gcc-arm-none-eabi-9-2019-q4/bin/../lib/gcc/arm-none-eabi/9.2.1/../../../../arm-none-eabi/lib/thumb/v7e-m/nofp\libstdc++.a(si_class_type_info.o)
                0x0800f758                typeinfo for __cxxabiv1::__si_class_type_info
 .rodata._ZTSN10__cxxabiv120__si_class_type_infoE
                0x0800f764       0x25 d:/program files (x86)/clion_stm32/gcc-arm-none-eabi-9-2019-q4/bin/../lib/gcc/arm-none-eabi/9.2.1/../../../../arm-none-eabi/lib/thumb/v7e-m/nofp\libstdc++.a(si_class_type_info.o)
                0x0800f764                typeinfo name for __cxxabiv1::__si_class_type_info
 *fill*         0x0800f789        0x3 
 .rodata._ZTVN10__cxxabiv120__si_class_type_infoE
                0x0800f78c       0x2c d:/program files (x86)/clion_stm32/gcc-arm-none-eabi-9-2019-q4/bin/../lib/gcc/arm-none-eabi/9.2.1/../../../../arm-none-eabi/lib/thumb/v7e-m/nofp\libstdc++.a(si_class_type_info.o)
                0x0800f78c                vtable for __cxxabiv1::__si_class_type_info
 .rodata._ZTISt9type_info
                0x0800f7b8        0x8 d:/program files (x86)/clion_stm32/gcc-arm-none-eabi-9-2019-q4/bin/../lib/gcc/arm-none-eabi/9.2.1/../../../../arm-none-eabi/lib/thumb/v7e-m/nofp\libstdc++.a(tinfo.o)
                0x0800f7b8                typeinfo for std::type_info
 .rodata._ZTSSt9type_info
                0x0800f7c0        0xd d:/program files (x86)/clion_stm32/gcc-arm-none-eabi-9-2019-q4/bin/../lib/gcc/arm-none-eabi/9.2.1/../../../../arm-none-eabi/lib/thumb/v7e-m/nofp\libstdc++.a(tinfo.o)
                0x0800f7c0                typeinfo name for std::type_info
 *fill*         0x0800f7cd        0x3 
 .rodata._global_impure_ptr
                0x0800f7d0        0x4 d:/program files (x86)/clion_stm32/gcc-arm-none-eabi-9-2019-q4/bin/../lib/gcc/arm-none-eabi/9.2.1/../../../../arm-none-eabi/lib/thumb/v7e-m/nofp\libg.a(lib_a-impure.o)
                0x0800f7d0                _global_impure_ptr
 .rodata._puts_r.str1.4
                0x0800f7d4        0xf d:/program files (x86)/clion_stm32/gcc-arm-none-eabi-9-2019-q4/bin/../lib/gcc/arm-none-eabi/9.2.1/../../../../arm-none-eabi/lib/thumb/v7e-m/nofp\libg.a(lib_a-puts.o)
                                  0x2 (size before relaxing)
 .rodata.__ssvfscanf_r.str1.4
                0x0800f7d4        0x5 d:/program files (x86)/clion_stm32/gcc-arm-none-eabi-9-2019-q4/bin/../lib/gcc/arm-none-eabi/9.2.1/../../../../arm-none-eabi/lib/thumb/v7e-m/nofp\libg.a(lib_a-svfscanf.o)
                                  0x9 (size before relaxing)
 *fill*         0x0800f7d9        0x3 
 .rodata.basefix.7414
                0x0800f7dc       0x22 d:/program files (x86)/clion_stm32/gcc-arm-none-eabi-9-2019-q4/bin/../lib/gcc/arm-none-eabi/9.2.1/../../../../arm-none-eabi/lib/thumb/v7e-m/nofp\libg.a(lib_a-svfscanf.o)
 *fill*         0x0800f7fe        0x2 
 .rodata._vfprintf_r.str1.4
                0x0800f800       0x42 d:/program files (x86)/clion_stm32/gcc-arm-none-eabi-9-2019-q4/bin/../lib/gcc/arm-none-eabi/9.2.1/../../../../arm-none-eabi/lib/thumb/v7e-m/nofp\libg.a(lib_a-vfprintf.o)
 *fill*         0x0800f842        0x2 
 .rodata.blanks.7360
                0x0800f844       0x10 d:/program files (x86)/clion_stm32/gcc-arm-none-eabi-9-2019-q4/bin/../lib/gcc/arm-none-eabi/9.2.1/../../../../arm-none-eabi/lib/thumb/v7e-m/nofp\libg.a(lib_a-vfprintf.o)
 .rodata.zeroes.7361
                0x0800f854       0x10 d:/program files (x86)/clion_stm32/gcc-arm-none-eabi-9-2019-q4/bin/../lib/gcc/arm-none-eabi/9.2.1/../../../../arm-none-eabi/lib/thumb/v7e-m/nofp\libg.a(lib_a-vfprintf.o)
 .rodata._ctype_
                0x0800f864      0x101 d:/program files (x86)/clion_stm32/gcc-arm-none-eabi-9-2019-q4/bin/../lib/gcc/arm-none-eabi/9.2.1/../../../../arm-none-eabi/lib/thumb/v7e-m/nofp\libg.a(lib_a-ctype_.o)
                0x0800f864                _ctype_
 *fill*         0x0800f965        0x3 
 .rodata._dtoa_r.str1.4
                0x0800f968        0xd d:/program files (x86)/clion_stm32/gcc-arm-none-eabi-9-2019-q4/bin/../lib/gcc/arm-none-eabi/9.2.1/../../../../arm-none-eabi/lib/thumb/v7e-m/nofp\libg.a(lib_a-dtoa.o)
                                 0x12 (size before relaxing)
 *fill*         0x0800f975        0x3 
 .rodata._setlocale_r.str1.4
                0x0800f978        0xa d:/program files (x86)/clion_stm32/gcc-arm-none-eabi-9-2019-q4/bin/../lib/gcc/arm-none-eabi/9.2.1/../../../../arm-none-eabi/lib/thumb/v7e-m/nofp\libg.a(lib_a-locale.o)
                                  0xd (size before relaxing)
 *fill*         0x0800f982        0x2 
 .rodata.str1.4
                0x0800f984        0x2 d:/program files (x86)/clion_stm32/gcc-arm-none-eabi-9-2019-q4/bin/../lib/gcc/arm-none-eabi/9.2.1/../../../../arm-none-eabi/lib/thumb/v7e-m/nofp\libg.a(lib_a-locale.o)
 .rodata._mbrtowc_r.str1.4
                0x0800f986        0x1 d:/program files (x86)/clion_stm32/gcc-arm-none-eabi-9-2019-q4/bin/../lib/gcc/arm-none-eabi/9.2.1/../../../../arm-none-eabi/lib/thumb/v7e-m/nofp\libg.a(lib_a-mbrtowc.o)
 *fill*         0x0800f986        0x2 
 .rodata.__mprec_bigtens
                0x0800f988       0x28 d:/program files (x86)/clion_stm32/gcc-arm-none-eabi-9-2019-q4/bin/../lib/gcc/arm-none-eabi/9.2.1/../../../../arm-none-eabi/lib/thumb/v7e-m/nofp\libg.a(lib_a-mprec.o)
                0x0800f988                __mprec_bigtens
 .rodata.__mprec_tens
                0x0800f9b0       0xc8 d:/program files (x86)/clion_stm32/gcc-arm-none-eabi-9-2019-q4/bin/../lib/gcc/arm-none-eabi/9.2.1/../../../../arm-none-eabi/lib/thumb/v7e-m/nofp\libg.a(lib_a-mprec.o)
                0x0800f9b0                __mprec_tens
 .rodata.p05.6115
                0x0800fa78        0xc d:/program files (x86)/clion_stm32/gcc-arm-none-eabi-9-2019-q4/bin/../lib/gcc/arm-none-eabi/9.2.1/../../../../arm-none-eabi/lib/thumb/v7e-m/nofp\libg.a(lib_a-mprec.o)
 .rodata._strtod_l.str1.4
                0x0800fa84        0xf d:/program files (x86)/clion_stm32/gcc-arm-none-eabi-9-2019-q4/bin/../lib/gcc/arm-none-eabi/9.2.1/../../../../arm-none-eabi/lib/thumb/v7e-m/nofp\libg.a(lib_a-strtod.o)
                                 0x11 (size before relaxing)
 *fill*         0x0800fa93        0x1 
 .rodata.fpi.6195
                0x0800fa94       0x14 d:/program files (x86)/clion_stm32/gcc-arm-none-eabi-9-2019-q4/bin/../lib/gcc/arm-none-eabi/9.2.1/../../../../arm-none-eabi/lib/thumb/v7e-m/nofp\libg.a(lib_a-strtod.o)
 .rodata.fpinan.6231
                0x0800faa8       0x14 d:/program files (x86)/clion_stm32/gcc-arm-none-eabi-9-2019-q4/bin/../lib/gcc/arm-none-eabi/9.2.1/../../../../arm-none-eabi/lib/thumb/v7e-m/nofp\libg.a(lib_a-strtod.o)
 *fill*         0x0800fabc        0x4 
 .rodata.tinytens
                0x0800fac0       0x28 d:/program files (x86)/clion_stm32/gcc-arm-none-eabi-9-2019-q4/bin/../lib/gcc/arm-none-eabi/9.2.1/../../../../arm-none-eabi/lib/thumb/v7e-m/nofp\libg.a(lib_a-strtod.o)
 .rodata._svfprintf_r.str1.4
                0x0800fae8       0x42 d:/program files (x86)/clion_stm32/gcc-arm-none-eabi-9-2019-q4/bin/../lib/gcc/arm-none-eabi/9.2.1/../../../../arm-none-eabi/lib/thumb/v7e-m/nofp\libg.a(lib_a-svfprintf.o)
 .rodata.blanks.7345
                0x0800fae8       0x10 d:/program files (x86)/clion_stm32/gcc-arm-none-eabi-9-2019-q4/bin/../lib/gcc/arm-none-eabi/9.2.1/../../../../arm-none-eabi/lib/thumb/v7e-m/nofp\libg.a(lib_a-svfprintf.o)
 .rodata.zeroes.7346
                0x0800faf8       0x10 d:/program files (x86)/clion_stm32/gcc-arm-none-eabi-9-2019-q4/bin/../lib/gcc/arm-none-eabi/9.2.1/../../../../arm-none-eabi/lib/thumb/v7e-m/nofp\libg.a(lib_a-svfprintf.o)
 .rodata.__hexdig
                0x0800fb08      0x100 d:/program files (x86)/clion_stm32/gcc-arm-none-eabi-9-2019-q4/bin/../lib/gcc/arm-none-eabi/9.2.1/../../../../arm-none-eabi/lib/thumb/v7e-m/nofp\libg.a(lib_a-gdtoa-gethex.o)
                0x0800fb08                __hexdig
 .rodata.str1.4
                0x0800fc08        0x5 d:/program files (x86)/clion_stm32/gcc-arm-none-eabi-9-2019-q4/bin/../lib/gcc/arm-none-eabi/9.2.1/../../../../arm-none-eabi/lib/thumb/v7e-m/nofp\libg.a(lib_a-lnumeric.o)
 .rodata._C_numeric_locale
                0x0800fc08        0xc d:/program files (x86)/clion_stm32/gcc-arm-none-eabi-9-2019-q4/bin/../lib/gcc/arm-none-eabi/9.2.1/../../../../arm-none-eabi/lib/thumb/v7e-m/nofp\libg.a(lib_a-lnumeric.o)
                0x0800fc08                _C_numeric_locale
                0x0800fc14                . = ALIGN (0x4)

.ARM.extab      0x0800fc14       0x54
 *(.ARM.extab* .gnu.linkonce.armextab.*)